******************************************************************************
              TMS320C55x Linker PC v4.4.1                      
******************************************************************************
>> Linked Thu Jul 08 18:07:40 2021

OUTPUT FILE NAME:   <dsplib.out>
ENTRY POINT SYMBOL: "_c_int00"  address: 00024f13


MEMORY CONFIGURATION

         name            origin    length      used     unused   attr    fill
                        (bytes)   (bytes)    (bytes)   (bytes)
----------------------  --------  ---------  --------  --------  ----  --------
PAGE 0:
  MMR                   00000000   000000c0  00000000  000000c0  RWIX
  DARAM0                000000c0   0000ff40  00007248  00008cf8  RWIX
  SARAM0                00010000   00010000  00000000  00010000  RWIX
  SARAM1                00020000   00020000  0000507d  0001af83  RWIX
  SARAM2                00040000   0000fe00  000003c4  0000fa3c  RWIX
  VECS                  0004fe00   00000200  00000100  00000100  RWIX
  PDROM                 00ff8000   00008000  00000000  00008000  R IX

PAGE 2:
  IOPORT                00000000   00020000  00000000  00020000  RWI 


SECTION ALLOCATION MAP
(Addresses surrounded by []'s are displayed for convenience only!)

output                                                          attributes/
section   page  orgn(bytes) orgn(words) len(bytes) len(words)   input sections
--------  ----  ----------- ----------- ---------- ----------   --------------
.pinit       0   [ 00040000 ]  00020000          *   00000000   UNINITIALIZED

.stack       0   [ 000000c0 ]  00000060          *   00001000   UNINITIALIZED
                 [ 000000c0 ]  00000060          *   00001000   --HOLE--

.data        0   [ 000000c0 ]  00000060          *   00000000   UNINITIALIZED

.sysstack 
*            0   [ 000020c0 ]  00001060          *   00000800   UNINITIALIZED
                 [ 000020c0 ]  00001060          *   00000800   --HOLE--

.sysmem      0   [ 000030c0 ]  00001860          *   00001000   UNINITIALIZED
                 [ 000030c0 ]  00001860          *   00001000   --HOLE--

.bss.1       0   [ 000050c0 ]  00002860          *   00000b2b   UNINITIALIZED
                 [ 000050c0 ]  00002860          *   000008cf   main.obj (.bss)
                 [ 0000625e ]  0000312f          *   00000001   rts55h.lib : fopen.obj (.bss)
                 [ 00006260 ]  00003130          *   00000119              : defs.obj (.bss)
                 [ 00006492 ]  00003249          *   000000d0              : trgdrv.obj (.bss)
                 [ 00006632 ]  00003319          *   00000001   usbstk5505_i2c.obj (.bss)
                 [ 00006634 ]  0000331a          *   00000071   rts55h.lib : lowlev.obj (.bss)

.bss.2       0   [ 00006718 ]  0000338c          *   0000003d   UNINITIALIZED
                 [ 00006718 ]  0000338c          *   00000036   PLL.obj (.bss)
                 [ 00006784 ]  000033c2          *   00000007   rts55h.lib : memory.obj (.bss)

.bss.3       0   [ 00006794 ]  000033ca          *   0000000a   UNINITIALIZED
                 [ 00006794 ]  000033ca          *   00000004   rts55h.lib : _lock.obj (.bss)
                 [ 0000679c ]  000033ce          *   00000004              : exit.obj (.bss)
                 [ 000067a4 ]  000033d2          *   00000002   aic3204.obj (.bss)

.const       0   [ 000067a8 ]  000033d4          *   000005b2   
                 [ 000067a8 ]  000033d4          *   00000236   PLL.obj (.const:.string)
                 [ 00006c14 ]  0000360a          *   00000174   aic3204_init.obj (.const:.string)
                 [ 00006efc ]  0000377e          *   00000101   rts55h.lib : ctype.obj (.const:__ctypes_)
                 [ 000070fe ]  0000387f          *   000000ca   main.obj (.const:_N)
                 [ 00007292 ]  00003949          *   00000001   main.obj (.const)
                 [ 00007294 ]  0000394a          *   00000024   rts55h.lib : _printfi.obj (.const:.string)
                 [ 000072dc ]  0000396e          *   0000000c              : _printfi.obj (.const)
                 [ 000072f4 ]  0000397a          *   00000008              : divd.obj (.const:_initial_approx$1)
                 [ 00007304 ]  00003982          *   00000002              : fputs.obj (.const:.string)
                 [ 00007308 ]  00003984          *   00000002              : fltlid.obj (.const)

.text        0     00020000  [ 00010000 ] 0000507d          *   
                   00020000  [ 00010000 ] 00001533          *   rts55h.lib : _printfi.obj (.text)
                   00021533  [ 00010a99+] 00000538          *              : trgdrv.obj (.text)
                   00021a6b  [ 00010d35+] 00000533          *              : memory.obj (.text)
                   00021f9e  [ 00010fcf ] 00000522          *   aic3204_init.obj (.text)
                   000224c0  [ 00011260 ] 00000518          *   rts55h.lib : lowlev.obj (.text)
                   000229d8  [ 000114ec ] 000003c7          *              : divd.obj (.text)
                   00022d9f  [ 000116cf+] 00000340          *   PLL.obj (.text)
                   000230df  [ 0001186f+] 000002ad          *   CSLc55x5h.lib : csl_pll.obj (.text)
                   0002338c  [ 000119c6 ] 0000026c          *   rts55h.lib : fopen.obj (.text)
                   000235f8  [ 00011afc ] 0000025c          *              : llmpy.obj (.text)
                   00023854  [ 00011c2a ] 00000257          *              : addd.obj (.text)
                   00023aab  [ 00011d55+] 000001ea          *              : cmpd.obj (.text)
                   00023c95  [ 00011e4a+] 0000017b          *              : fputs.obj (.text)
                   00023e10  [ 00011f08 ] 00000164          *   usbstk5505_gpio.obj (.text)
                   00023f74  [ 00011fba ] 0000014b          *   rts55h.lib : mpyd.obj (.text)
                   000240bf  [ 0001205f+] 0000013b          *   aic3204.obj (.text)
                   000241fa  [ 000120fd ] 0000012a          *   usbstk5505_i2c.obj (.text)
                   00024324  [ 00012192 ] 000000f3          *   rts55h.lib : setvbuf.obj (.text)
                   00024417  [ 0001220b+] 000000da          *              : _io_perm.obj (.text)
                   000244f1  [ 00012278+] 000000be          *              : trgmsg.obj (.text:CIO_breakpoint)
                   000245af  [ 000122d7+] 000000ba          *              : fflush.obj (.text)
                   00024669  [ 00012334+] 000000a2          *              : fputc.obj (.text)
                   0002470b  [ 00012385+] 000000a0          *              : divul.obj (.text)
                   000247ab  [ 000123d5+] 00000079          *              : ltoa.obj (.text)
                   00024824  [ 00012412 ] 00000076          *              : fclose.obj (.text)
                   0002489a  [ 0001244d ] 00000076          *              : frcmpyd.obj (.text)
                   00024910  [ 00012488 ] 00000073          *              : frcmpyd_div.obj (.text)
                   00024983  [ 000124c1+] 00000070          *              : remul.obj (.text)
                   000249f3  [ 000124f9+] 0000006e          *              : fixdli.obj (.text)
                   00024a61  [ 00012530+] 0000006b          *   55xdsph.lib : fir.obj (.text)
                   00024acc  [ 00012566 ] 0000006b          *   rts55h.lib : trgmsg.obj (.text)
                   00024b37  [ 0001259b+] 00000068          *              : fseek.obj (.text)
                   00024b9f  [ 000125cf+] 00000067          *              : fltlid.obj (.text)
                   00024c06  [ 00012603 ] 00000059          *              : atoi.obj (.text)
                   00024c5f  [ 0001262f+] 00000056          *              : memcpy.obj (.text)
                   00024cb5  [ 0001265a+] 00000055          *   main.obj (.text)
                   00024d0a  [ 00012685 ] 00000054          *   usbstk5505.obj (.text)
                   00024d5e  [ 000126af ] 0000004e          *   rts55h.lib : printf.obj (.text)
                   00024dac  [ 000126d6 ] 0000004d          *              : autoinit.obj (.text)
                   00024df9  [ 000126fc+] 0000004b          *              : remli.obj (.text)
                   00024e44  [ 00012722 ] 00000049          *              : args_main.obj (.text)
                   00024e8d  [ 00012746+] 00000048          *              : divli.obj (.text)
                   00024ed5  [ 0001276a+] 0000003e          *              : exit.obj (.text)
                   00024f13  [ 00012789+] 00000034          *              : boot.obj (.text)
                   00024f47  [ 000127a3+] 0000002d          *   usbstk5505_led.obj (.text)
                   00024f74  [ 000127ba ] 0000002a          *   rts55h.lib : fixdi.obj (.text)
                   00024f9e  [ 000127cf ] 0000002a          *              : udiv.obj (.text)
                   00024fc8  [ 000127e4 ] 00000022          *              : memccpy.obj (.text)
                   00024fea  [ 000127f5 ] 0000001c          *   stereo.obj (.text)
                   00025006  [ 00012803 ] 0000001a          *   rts55h.lib : isinf.obj (.text)
                   00025020  [ 00012810 ] 00000014          *              : subd.obj (.text)
                   00025034  [ 0001281a ] 00000013          *              : lmpy.obj (.text)
                   00025047  [ 00012823+] 00000012          *              : _lock.obj (.text)
                   00025059  [ 0001282c+] 00000010          *              : negd.obj (.text)
                   00025069  [ 00012834+] 0000000a          *              : remove.obj (.text)
                   00025073  [ 00012839+] 00000007          *              : exit.obj (.text:CIO_breakpoint)
                   0002507a  [ 0001283d ] 00000002          *              : vectors.obj (.text)
                   0002507c  [ 0001283e ] 00000001          *   --HOLE-- [fill = 20]

.cio         0   [ 00040000 ]  00020000          *   00000120   UNINITIALIZED
                 [ 00040000 ]  00020000          *   00000120   rts55h.lib : trgmsg.obj (.cio)

.cinit       0   [ 00040240 ]  00020120          *   000000c2   
                 [ 00040240 ]  00020120          *   00000046   PLL.obj (.cinit)
                 [ 000402cc ]  00020166          *   0000002d   rts55h.lib : lowlev.obj (.cinit)
                 [ 00040326 ]  00020193          *   0000002a              : defs.obj (.cinit)
                 [ 0004037a ]  000201bd          *   0000000a              : _lock.obj (.cinit)
                 [ 0004038e ]  000201c7          *   0000000a              : exit.obj (.cinit)
                 [ 000403a2 ]  000201d1          *   00000004   main.obj (.cinit)
                 [ 000403aa ]  000201d5          *   00000004   rts55h.lib : fopen.obj (.cinit)
                 [ 000403b2 ]  000201d9          *   00000004              : memory.obj (.cinit)
                 [ 000403ba ]  000201dd          *   00000004   usbstk5505_i2c.obj (.cinit)
                 [ 000403c2 ]  000201e1          *   00000001   --HOLE-- [fill = 0]

vectors      0     0004fe00  [ 00027f00 ] 00000100          *   
                   0004fe00  [ 00027f00 ] 00000100          *   rts55h.lib : vectors.obj (vectors)


GLOBAL SYMBOLS: SORTED ALPHABETICALLY BY Name 

abs. value/
byte addr   word addr   name
---------   ---------   ----
00000002                $TI_capability$C5500$CallingConvention
00000008                $TI_capability$C5500$MemoryModel
00000001                $TI_capability_requires_rev3
ffffffff                .bss
ffffffff                .data
ffffffff                .text
00025074                C$$EXIT
000245aa                C$$IO$$
00025034                I$$LMPY
00024f9e                I$$UDIV
00024fb3                I$$UMOD
000240bf                _AIC3204_rget
0002410a                _AIC3204_rset
00021a0d                _HOSTclock
000219a2                _HOSTclose
000218ed                _HOSTlseek
0002184c                _HOSTopen
000217c1                _HOSTread
00021708                _HOSTrename
000216aa                _HOSTtime
0002163e                _HOSTunlink
000215b3                _HOSTwrite
            0000387f    _N
            00003949    _NL
000232d1                _PLL_bypass
00023141                _PLL_config
0002326a                _PLL_enable
00023109                _PLL_init
00023320                _PLL_reset
0004fe00                _Reset
00023f1c                _USBSTK5505_GPIO_getInput
00023e10                _USBSTK5505_GPIO_init
00023e14                _USBSTK5505_GPIO_setDirection
00023e9f                _USBSTK5505_GPIO_setOutput
00024219                _USBSTK5505_I2C_close
000241fa                _USBSTK5505_I2C_init
000242ab                _USBSTK5505_I2C_read
00024222                _USBSTK5505_I2C_reset
00024230                _USBSTK5505_I2C_write
00024f47                _USBSTK5505_LED_init
00024f63                _USBSTK5505_LED_off
00024f52                _USBSTK5505_LED_on
00024d50                _USBSTK5505_init
00024d0a                _USBSTK5505_wait
00024d3e                _USBSTK5505_waitusec
            00020000    __CIOBUF_
            00001060    __STACK_END
00002000                __STACK_SIZE
00002000                __SYSMEM_SIZE
00001000                __SYSSTACK_SIZE
00000001                __TI_args_main
ffffffff                ___binit__
ffffffff                ___bss__
ffffffff                ___c_args__
            00020120    ___cinit__
ffffffff                ___data__
ffffffff                ___edata__
ffffffff                ___end__
ffffffff                ___etext__
00025006                ___isinf
ffffffff                ___pinit__
ffffffff                ___text__
00023854                __addd
00024e44                __args_main
000234a1                __cleanup
            000033ce    __cleanup_ptr
00023c3d                __cmpd
            0000377e    __ctypes_
000229d8                __divd
00024e8d                __divli
00023820                __divlli
00024f9e                __divu
0002470b                __divul
0002372c                __divull
000245af                __doflush
            000033d0    __dtors_ptr
00023c09                __eqld
00024f74                __fixdi
000249f3                __fixdli
00024b9f                __fltlid
0002489a                __frcmpyd
00024910                __frcmpyd_div
            00003248    __ft_end
            00003130    __ftable
00023bbf                __geqd
00023b74                __gtrd
00023b27                __leqd
            000033ca    __lock
00023adf                __lssd
00023f74                __mpyd
00025034                __mpyli
00023675                __mpylli
00025059                __negd
00023aab                __neqd
00025057                __nop
00021315                __printfi
00024494                __rd_ok
0002504f                __register_lock
00025047                __register_unlock
00024df9                __remli
00023646                __remlli
00024fb3                __remu
00024983                __remul
000235f8                __remull
            00000060    __stack
00025020                __subd
            00001860    __sys_memory
            00001060    __sysstack
            000031a8    __tmpnams
            000033cc    __unlock
00024417                __wrt_ok
00025073                _abort
000228f0                _add_device
00024178                _aic3204_codec_read
000241be                _aic3204_codec_write
0002415c                _aic3204_disable
0002412c                _aic3204_hardware_init
00021f9e                _aic3204_init
00024c06                _atoi
00024dac                _auto_init
            00002860    _buffor
00024f13                _c_int00
00021f52                _calloc
00021f4a                _chkheap
00022880                _close
            000033d2    _counter1
            000033d3    _counter2
00024ed5                _exit
00024824                _fclose
00024611                _fflush
00022877                _find_registered_device
00024a61                _fir
000235bf                _fopen
00024669                _fputc
00023c95                _fputs
00021a6b                _free
00021ee3                _free_memory
000234f9                _freopen
00024b37                _fseek
00021533                _getenv
            00003396    _hPll
            0000312e    _i
            0000292c    _input
            0000292e    _input_table
00022813                _lseek
000247ab                _ltoa
00024cb5                _main
00021baf                _malloc
00021e79                _max_free
00024fc8                _memccpy
00024c5f                _memcpy
00021b3d                _minit
00022756                _open
            0000292d    _output
            00002d2e    _output_table
            000033c0    _pConfigInfo
            00003392    _pllCfg1
            000033b8    _pllCfg_100MHz
            000033bc    _pllCfg_120MHz
            000033a0    _pllCfg_12MHz
            000033a4    _pllCfg_12p288MHz
            00003398    _pllCfg_1MHz
            0000339c    _pllCfg_2MHz
            000033a8    _pllCfg_40MHz
            000033ac    _pllCfg_60MHz
            000033b0    _pllCfg_75MHz
            000033b4    _pllCfg_98MHz
            0000338c    _pllObj
00022e1a                _pll_frequency_setup
00024d5e                _printf
00024669                _putc
000246fc                _putchar
00023de4                _puts
000226ac                _read
00024acc                _readmsg
00021cb0                _realloc
00025069                _remove
00022678                _remove_device
00022621                _rename
00022170                _set_sampling_frequency_and_gain
00024324                _setvbuf
00024fea                _stereo_to_mono
000225ed                _unlink
000224c0                _write
000244f1                _writemsg
ffffffff                binit
            00020120    cinit
ffffffff                edata
ffffffff                end
ffffffff                etext
ffffffff                pinit


GLOBAL SYMBOLS: SORTED BY Symbol Address 

abs. value/
byte addr   word addr   name
---------   ---------   ----
00000001                $TI_capability_requires_rev3
00000001                __TI_args_main
00000002                $TI_capability$C5500$CallingConvention
00000008                $TI_capability$C5500$MemoryModel
            00000060    __stack
00001000                __SYSSTACK_SIZE
00002000                __STACK_SIZE
00002000                __SYSMEM_SIZE
            00001060    __STACK_END
            00001060    __sysstack
            00001860    __sys_memory
            00002860    _buffor
            0000292c    _input
            0000292d    _output
            0000292e    _input_table
            00002d2e    _output_table
            0000312e    _i
            00003130    __ftable
            000031a8    __tmpnams
            00003248    __ft_end
            0000338c    _pllObj
            00003392    _pllCfg1
            00003396    _hPll
            00003398    _pllCfg_1MHz
            0000339c    _pllCfg_2MHz
            000033a0    _pllCfg_12MHz
            000033a4    _pllCfg_12p288MHz
            000033a8    _pllCfg_40MHz
            000033ac    _pllCfg_60MHz
            000033b0    _pllCfg_75MHz
            000033b4    _pllCfg_98MHz
            000033b8    _pllCfg_100MHz
            000033bc    _pllCfg_120MHz
            000033c0    _pConfigInfo
            000033ca    __lock
            000033cc    __unlock
            000033ce    __cleanup_ptr
            000033d0    __dtors_ptr
            000033d2    _counter1
            000033d3    _counter2
            0000377e    __ctypes_
            0000387f    _N
            00003949    _NL
00021315                __printfi
00021533                _getenv
000215b3                _HOSTwrite
0002163e                _HOSTunlink
000216aa                _HOSTtime
00021708                _HOSTrename
000217c1                _HOSTread
0002184c                _HOSTopen
000218ed                _HOSTlseek
000219a2                _HOSTclose
00021a0d                _HOSTclock
00021a6b                _free
00021b3d                _minit
00021baf                _malloc
00021cb0                _realloc
00021e79                _max_free
00021ee3                _free_memory
00021f4a                _chkheap
00021f52                _calloc
00021f9e                _aic3204_init
00022170                _set_sampling_frequency_and_gain
000224c0                _write
000225ed                _unlink
00022621                _rename
00022678                _remove_device
000226ac                _read
00022756                _open
00022813                _lseek
00022877                _find_registered_device
00022880                _close
000228f0                _add_device
000229d8                __divd
00022e1a                _pll_frequency_setup
00023109                _PLL_init
00023141                _PLL_config
0002326a                _PLL_enable
000232d1                _PLL_bypass
00023320                _PLL_reset
000234a1                __cleanup
000234f9                _freopen
000235bf                _fopen
000235f8                __remull
00023646                __remlli
00023675                __mpylli
0002372c                __divull
00023820                __divlli
00023854                __addd
00023aab                __neqd
00023adf                __lssd
00023b27                __leqd
00023b74                __gtrd
00023bbf                __geqd
00023c09                __eqld
00023c3d                __cmpd
00023c95                _fputs
00023de4                _puts
00023e10                _USBSTK5505_GPIO_init
00023e14                _USBSTK5505_GPIO_setDirection
00023e9f                _USBSTK5505_GPIO_setOutput
00023f1c                _USBSTK5505_GPIO_getInput
00023f74                __mpyd
000240bf                _AIC3204_rget
0002410a                _AIC3204_rset
0002412c                _aic3204_hardware_init
0002415c                _aic3204_disable
00024178                _aic3204_codec_read
000241be                _aic3204_codec_write
000241fa                _USBSTK5505_I2C_init
00024219                _USBSTK5505_I2C_close
00024222                _USBSTK5505_I2C_reset
00024230                _USBSTK5505_I2C_write
000242ab                _USBSTK5505_I2C_read
00024324                _setvbuf
00024417                __wrt_ok
00024494                __rd_ok
000244f1                _writemsg
000245aa                C$$IO$$
000245af                __doflush
00024611                _fflush
00024669                _fputc
00024669                _putc
000246fc                _putchar
0002470b                __divul
000247ab                _ltoa
00024824                _fclose
0002489a                __frcmpyd
00024910                __frcmpyd_div
00024983                __remul
000249f3                __fixdli
00024a61                _fir
00024acc                _readmsg
00024b37                _fseek
00024b9f                __fltlid
00024c06                _atoi
00024c5f                _memcpy
00024cb5                _main
00024d0a                _USBSTK5505_wait
00024d3e                _USBSTK5505_waitusec
00024d50                _USBSTK5505_init
00024d5e                _printf
00024dac                _auto_init
00024df9                __remli
00024e44                __args_main
00024e8d                __divli
00024ed5                _exit
00024f13                _c_int00
00024f47                _USBSTK5505_LED_init
00024f52                _USBSTK5505_LED_on
00024f63                _USBSTK5505_LED_off
00024f74                __fixdi
00024f9e                I$$UDIV
00024f9e                __divu
00024fb3                I$$UMOD
00024fb3                __remu
00024fc8                _memccpy
00024fea                _stereo_to_mono
00025006                ___isinf
00025020                __subd
00025034                I$$LMPY
00025034                __mpyli
00025047                __register_unlock
0002504f                __register_lock
00025057                __nop
00025059                __negd
00025069                _remove
00025073                _abort
00025074                C$$EXIT
            00020000    __CIOBUF_
            00020120    ___cinit__
            00020120    cinit
0004fe00                _Reset
ffffffff                .bss
ffffffff                .data
ffffffff                .text
ffffffff                ___binit__
ffffffff                ___bss__
ffffffff                ___c_args__
ffffffff                ___data__
ffffffff                ___edata__
ffffffff                ___end__
ffffffff                ___etext__
ffffffff                ___pinit__
ffffffff                ___text__
ffffffff                binit
ffffffff                edata
ffffffff                end
ffffffff                etext
ffffffff                pinit

[191 symbols]
