<?xml version="1.0"?>
<link_info>
   <banner>TMS320C55x Linker PC v4.4.1</banner>
   <copyright>Copyright (c) 1996-2012 Texas Instruments Incorporated</copyright>
   <link_time>0x60e722cc</link_time>
   <output_file>dsplib.out</output_file>
   <entry_point>
      <name>_c_int00</name>
      <address>0x24f13</address>
   </entry_point>
   <input_file_list>
      <input_file id="fl-2">
         <path>.\</path>
         <kind>object</kind>
         <file>usbstk5505_led.obj</file>
         <name>usbstk5505_led.obj</name>
      </input_file>
      <input_file id="fl-3">
         <path>.\</path>
         <kind>object</kind>
         <file>usbstk5505_i2c.obj</file>
         <name>usbstk5505_i2c.obj</name>
      </input_file>
      <input_file id="fl-4">
         <path>.\</path>
         <kind>object</kind>
         <file>usbstk5505_gpio.obj</file>
         <name>usbstk5505_gpio.obj</name>
      </input_file>
      <input_file id="fl-5">
         <path>.\</path>
         <kind>object</kind>
         <file>usbstk5505.obj</file>
         <name>usbstk5505.obj</name>
      </input_file>
      <input_file id="fl-6">
         <path>.\</path>
         <kind>object</kind>
         <file>stereo.obj</file>
         <name>stereo.obj</name>
      </input_file>
      <input_file id="fl-7">
         <path>.\</path>
         <kind>object</kind>
         <file>main.obj</file>
         <name>main.obj</name>
      </input_file>
      <input_file id="fl-8">
         <path>.\</path>
         <kind>object</kind>
         <file>aic3204_init.obj</file>
         <name>aic3204_init.obj</name>
      </input_file>
      <input_file id="fl-9">
         <path>.\</path>
         <kind>object</kind>
         <file>aic3204.obj</file>
         <name>aic3204.obj</name>
      </input_file>
      <input_file id="fl-a">
         <path>.\</path>
         <kind>object</kind>
         <file>PLL.obj</file>
         <name>PLL.obj</name>
      </input_file>
      <input_file id="fl-10">
         <path>..\</path>
         <kind>archive</kind>
         <file>55xdsph.lib</file>
         <name>fir.obj</name>
      </input_file>
      <input_file id="fl-11">
         <path>..\</path>
         <kind>archive</kind>
         <file>CSLc55x5h.lib</file>
         <name>csl_pll.obj</name>
      </input_file>
      <input_file id="fl-12">
         <path>E:\ti\ccsv5\tools\compiler\c5500_4.4.1\lib\</path>
         <kind>archive</kind>
         <file>rts55h.lib</file>
         <name>boot.obj</name>
      </input_file>
      <input_file id="fl-13">
         <path>E:\ti\ccsv5\tools\compiler\c5500_4.4.1\lib\</path>
         <kind>archive</kind>
         <file>rts55h.lib</file>
         <name>exit.obj</name>
      </input_file>
      <input_file id="fl-14">
         <path>E:\ti\ccsv5\tools\compiler\c5500_4.4.1\lib\</path>
         <kind>archive</kind>
         <file>rts55h.lib</file>
         <name>printf.obj</name>
      </input_file>
      <input_file id="fl-15">
         <path>E:\ti\ccsv5\tools\compiler\c5500_4.4.1\lib\</path>
         <kind>archive</kind>
         <file>rts55h.lib</file>
         <name>vectors.obj</name>
      </input_file>
      <input_file id="fl-16">
         <path>E:\ti\ccsv5\tools\compiler\c5500_4.4.1\lib\</path>
         <kind>archive</kind>
         <file>rts55h.lib</file>
         <name>_lock.obj</name>
      </input_file>
      <input_file id="fl-17">
         <path>E:\ti\ccsv5\tools\compiler\c5500_4.4.1\lib\</path>
         <kind>archive</kind>
         <file>rts55h.lib</file>
         <name>_printfi.obj</name>
      </input_file>
      <input_file id="fl-18">
         <path>E:\ti\ccsv5\tools\compiler\c5500_4.4.1\lib\</path>
         <kind>archive</kind>
         <file>rts55h.lib</file>
         <name>args_main.obj</name>
      </input_file>
      <input_file id="fl-19">
         <path>E:\ti\ccsv5\tools\compiler\c5500_4.4.1\lib\</path>
         <kind>archive</kind>
         <file>rts55h.lib</file>
         <name>atoi.obj</name>
      </input_file>
      <input_file id="fl-1a">
         <path>E:\ti\ccsv5\tools\compiler\c5500_4.4.1\lib\</path>
         <kind>archive</kind>
         <file>rts55h.lib</file>
         <name>autoinit.obj</name>
      </input_file>
      <input_file id="fl-1b">
         <path>E:\ti\ccsv5\tools\compiler\c5500_4.4.1\lib\</path>
         <kind>archive</kind>
         <file>rts55h.lib</file>
         <name>cmpd.obj</name>
      </input_file>
      <input_file id="fl-1c">
         <path>E:\ti\ccsv5\tools\compiler\c5500_4.4.1\lib\</path>
         <kind>archive</kind>
         <file>rts55h.lib</file>
         <name>ctype.obj</name>
      </input_file>
      <input_file id="fl-1d">
         <path>E:\ti\ccsv5\tools\compiler\c5500_4.4.1\lib\</path>
         <kind>archive</kind>
         <file>rts55h.lib</file>
         <name>defs.obj</name>
      </input_file>
      <input_file id="fl-1e">
         <path>E:\ti\ccsv5\tools\compiler\c5500_4.4.1\lib\</path>
         <kind>archive</kind>
         <file>rts55h.lib</file>
         <name>divd.obj</name>
      </input_file>
      <input_file id="fl-1f">
         <path>E:\ti\ccsv5\tools\compiler\c5500_4.4.1\lib\</path>
         <kind>archive</kind>
         <file>rts55h.lib</file>
         <name>divul.obj</name>
      </input_file>
      <input_file id="fl-20">
         <path>E:\ti\ccsv5\tools\compiler\c5500_4.4.1\lib\</path>
         <kind>archive</kind>
         <file>rts55h.lib</file>
         <name>fixdi.obj</name>
      </input_file>
      <input_file id="fl-21">
         <path>E:\ti\ccsv5\tools\compiler\c5500_4.4.1\lib\</path>
         <kind>archive</kind>
         <file>rts55h.lib</file>
         <name>fixdli.obj</name>
      </input_file>
      <input_file id="fl-22">
         <path>E:\ti\ccsv5\tools\compiler\c5500_4.4.1\lib\</path>
         <kind>archive</kind>
         <file>rts55h.lib</file>
         <name>fltlid.obj</name>
      </input_file>
      <input_file id="fl-23">
         <path>E:\ti\ccsv5\tools\compiler\c5500_4.4.1\lib\</path>
         <kind>archive</kind>
         <file>rts55h.lib</file>
         <name>fputc.obj</name>
      </input_file>
      <input_file id="fl-24">
         <path>E:\ti\ccsv5\tools\compiler\c5500_4.4.1\lib\</path>
         <kind>archive</kind>
         <file>rts55h.lib</file>
         <name>fputs.obj</name>
      </input_file>
      <input_file id="fl-25">
         <path>E:\ti\ccsv5\tools\compiler\c5500_4.4.1\lib\</path>
         <kind>archive</kind>
         <file>rts55h.lib</file>
         <name>frcmpyd_div.obj</name>
      </input_file>
      <input_file id="fl-26">
         <path>E:\ti\ccsv5\tools\compiler\c5500_4.4.1\lib\</path>
         <kind>archive</kind>
         <file>rts55h.lib</file>
         <name>isinf.obj</name>
      </input_file>
      <input_file id="fl-27">
         <path>E:\ti\ccsv5\tools\compiler\c5500_4.4.1\lib\</path>
         <kind>archive</kind>
         <file>rts55h.lib</file>
         <name>llmpy.obj</name>
      </input_file>
      <input_file id="fl-28">
         <path>E:\ti\ccsv5\tools\compiler\c5500_4.4.1\lib\</path>
         <kind>archive</kind>
         <file>rts55h.lib</file>
         <name>lmpy.obj</name>
      </input_file>
      <input_file id="fl-29">
         <path>E:\ti\ccsv5\tools\compiler\c5500_4.4.1\lib\</path>
         <kind>archive</kind>
         <file>rts55h.lib</file>
         <name>lowlev.obj</name>
      </input_file>
      <input_file id="fl-2a">
         <path>E:\ti\ccsv5\tools\compiler\c5500_4.4.1\lib\</path>
         <kind>archive</kind>
         <file>rts55h.lib</file>
         <name>ltoa.obj</name>
      </input_file>
      <input_file id="fl-2b">
         <path>E:\ti\ccsv5\tools\compiler\c5500_4.4.1\lib\</path>
         <kind>archive</kind>
         <file>rts55h.lib</file>
         <name>memccpy.obj</name>
      </input_file>
      <input_file id="fl-2c">
         <path>E:\ti\ccsv5\tools\compiler\c5500_4.4.1\lib\</path>
         <kind>archive</kind>
         <file>rts55h.lib</file>
         <name>memcpy.obj</name>
      </input_file>
      <input_file id="fl-2d">
         <path>E:\ti\ccsv5\tools\compiler\c5500_4.4.1\lib\</path>
         <kind>archive</kind>
         <file>rts55h.lib</file>
         <name>mpyd.obj</name>
      </input_file>
      <input_file id="fl-2e">
         <path>E:\ti\ccsv5\tools\compiler\c5500_4.4.1\lib\</path>
         <kind>archive</kind>
         <file>rts55h.lib</file>
         <name>negd.obj</name>
      </input_file>
      <input_file id="fl-2f">
         <path>E:\ti\ccsv5\tools\compiler\c5500_4.4.1\lib\</path>
         <kind>archive</kind>
         <file>rts55h.lib</file>
         <name>remli.obj</name>
      </input_file>
      <input_file id="fl-30">
         <path>E:\ti\ccsv5\tools\compiler\c5500_4.4.1\lib\</path>
         <kind>archive</kind>
         <file>rts55h.lib</file>
         <name>remul.obj</name>
      </input_file>
      <input_file id="fl-31">
         <path>E:\ti\ccsv5\tools\compiler\c5500_4.4.1\lib\</path>
         <kind>archive</kind>
         <file>rts55h.lib</file>
         <name>subd.obj</name>
      </input_file>
      <input_file id="fl-32">
         <path>E:\ti\ccsv5\tools\compiler\c5500_4.4.1\lib\</path>
         <kind>archive</kind>
         <file>rts55h.lib</file>
         <name>trgdrv.obj</name>
      </input_file>
      <input_file id="fl-33">
         <path>E:\ti\ccsv5\tools\compiler\c5500_4.4.1\lib\</path>
         <kind>archive</kind>
         <file>rts55h.lib</file>
         <name>trgmsg.obj</name>
      </input_file>
      <input_file id="fl-34">
         <path>E:\ti\ccsv5\tools\compiler\c5500_4.4.1\lib\</path>
         <kind>archive</kind>
         <file>rts55h.lib</file>
         <name>udiv.obj</name>
      </input_file>
      <input_file id="fl-35">
         <path>E:\ti\ccsv5\tools\compiler\c5500_4.4.1\lib\</path>
         <kind>archive</kind>
         <file>rts55h.lib</file>
         <name>_io_perm.obj</name>
      </input_file>
      <input_file id="fl-36">
         <path>E:\ti\ccsv5\tools\compiler\c5500_4.4.1\lib\</path>
         <kind>archive</kind>
         <file>rts55h.lib</file>
         <name>addd.obj</name>
      </input_file>
      <input_file id="fl-37">
         <path>E:\ti\ccsv5\tools\compiler\c5500_4.4.1\lib\</path>
         <kind>archive</kind>
         <file>rts55h.lib</file>
         <name>divli.obj</name>
      </input_file>
      <input_file id="fl-38">
         <path>E:\ti\ccsv5\tools\compiler\c5500_4.4.1\lib\</path>
         <kind>archive</kind>
         <file>rts55h.lib</file>
         <name>fflush.obj</name>
      </input_file>
      <input_file id="fl-39">
         <path>E:\ti\ccsv5\tools\compiler\c5500_4.4.1\lib\</path>
         <kind>archive</kind>
         <file>rts55h.lib</file>
         <name>frcmpyd.obj</name>
      </input_file>
      <input_file id="fl-3a">
         <path>E:\ti\ccsv5\tools\compiler\c5500_4.4.1\lib\</path>
         <kind>archive</kind>
         <file>rts55h.lib</file>
         <name>fseek.obj</name>
      </input_file>
      <input_file id="fl-3b">
         <path>E:\ti\ccsv5\tools\compiler\c5500_4.4.1\lib\</path>
         <kind>archive</kind>
         <file>rts55h.lib</file>
         <name>setvbuf.obj</name>
      </input_file>
      <input_file id="fl-3c">
         <path>E:\ti\ccsv5\tools\compiler\c5500_4.4.1\lib\</path>
         <kind>archive</kind>
         <file>rts55h.lib</file>
         <name>fopen.obj</name>
      </input_file>
      <input_file id="fl-3d">
         <path>E:\ti\ccsv5\tools\compiler\c5500_4.4.1\lib\</path>
         <kind>archive</kind>
         <file>rts55h.lib</file>
         <name>memory.obj</name>
      </input_file>
      <input_file id="fl-3e">
         <path>E:\ti\ccsv5\tools\compiler\c5500_4.4.1\lib\</path>
         <kind>archive</kind>
         <file>rts55h.lib</file>
         <name>fclose.obj</name>
      </input_file>
      <input_file id="fl-3f">
         <path>E:\ti\ccsv5\tools\compiler\c5500_4.4.1\lib\</path>
         <kind>archive</kind>
         <file>rts55h.lib</file>
         <name>remove.obj</name>
      </input_file>
   </input_file_list>
   <object_component_list>
      <object_component id="oc-6b">
         <name>.text</name>
         <load_address>0x20000</load_address>
         <run_address>0x20000</run_address>
         <size>0x1533</size>
         <input_file_ref idref="fl-17"/>
      </object_component>
      <object_component id="oc-db">
         <name>.text</name>
         <load_address>0x21533</load_address>
         <run_address>0x21533</run_address>
         <size>0x538</size>
         <input_file_ref idref="fl-32"/>
      </object_component>
      <object_component id="oc-10c">
         <name>.text</name>
         <load_address>0x21a6b</load_address>
         <run_address>0x21a6b</run_address>
         <size>0x533</size>
         <input_file_ref idref="fl-3d"/>
      </object_component>
      <object_component id="oc-35">
         <name>.text</name>
         <load_address>0x21f9e</load_address>
         <run_address>0x21f9e</run_address>
         <size>0x522</size>
         <input_file_ref idref="fl-8"/>
      </object_component>
      <object_component id="oc-b5">
         <name>.text</name>
         <load_address>0x224c0</load_address>
         <run_address>0x224c0</run_address>
         <size>0x518</size>
         <input_file_ref idref="fl-29"/>
      </object_component>
      <object_component id="oc-87">
         <name>.text</name>
         <load_address>0x229d8</load_address>
         <run_address>0x229d8</run_address>
         <size>0x3c7</size>
         <input_file_ref idref="fl-1e"/>
      </object_component>
      <object_component id="oc-41">
         <name>.text</name>
         <load_address>0x22d9f</load_address>
         <run_address>0x22d9f</run_address>
         <size>0x340</size>
         <input_file_ref idref="fl-a"/>
      </object_component>
      <object_component id="oc-4d">
         <name>.text</name>
         <load_address>0x230df</load_address>
         <run_address>0x230df</run_address>
         <size>0x2ad</size>
         <input_file_ref idref="fl-11"/>
      </object_component>
      <object_component id="oc-106">
         <name>.text</name>
         <load_address>0x2338c</load_address>
         <run_address>0x2338c</run_address>
         <size>0x26c</size>
         <input_file_ref idref="fl-3c"/>
      </object_component>
      <object_component id="oc-ad">
         <name>.text</name>
         <load_address>0x235f8</load_address>
         <run_address>0x235f8</run_address>
         <size>0x25c</size>
         <input_file_ref idref="fl-27"/>
      </object_component>
      <object_component id="oc-ee">
         <name>.text</name>
         <load_address>0x23854</load_address>
         <run_address>0x23854</run_address>
         <size>0x257</size>
         <input_file_ref idref="fl-36"/>
      </object_component>
      <object_component id="oc-7d">
         <name>.text</name>
         <load_address>0x23aab</load_address>
         <run_address>0x23aab</run_address>
         <size>0x1ea</size>
         <input_file_ref idref="fl-1b"/>
      </object_component>
      <object_component id="oc-a0">
         <name>.text</name>
         <load_address>0x23c95</load_address>
         <run_address>0x23c95</run_address>
         <size>0x17b</size>
         <input_file_ref idref="fl-24"/>
      </object_component>
      <object_component id="oc-1e">
         <name>.text</name>
         <load_address>0x23e10</load_address>
         <run_address>0x23e10</run_address>
         <size>0x164</size>
         <input_file_ref idref="fl-4"/>
      </object_component>
      <object_component id="oc-c7">
         <name>.text</name>
         <load_address>0x23f74</load_address>
         <run_address>0x23f74</run_address>
         <size>0x14b</size>
         <input_file_ref idref="fl-2d"/>
      </object_component>
      <object_component id="oc-3b">
         <name>.text</name>
         <load_address>0x240bf</load_address>
         <run_address>0x240bf</run_address>
         <size>0x13b</size>
         <input_file_ref idref="fl-9"/>
      </object_component>
      <object_component id="oc-17">
         <name>.text</name>
         <load_address>0x241fa</load_address>
         <run_address>0x241fa</run_address>
         <size>0x12a</size>
         <input_file_ref idref="fl-3"/>
      </object_component>
      <object_component id="oc-102">
         <name>.text</name>
         <load_address>0x24324</load_address>
         <run_address>0x24324</run_address>
         <size>0xf3</size>
         <input_file_ref idref="fl-3b"/>
      </object_component>
      <object_component id="oc-ea">
         <name>.text</name>
         <load_address>0x24417</load_address>
         <run_address>0x24417</run_address>
         <size>0xda</size>
         <input_file_ref idref="fl-35"/>
      </object_component>
      <object_component id="oc-e3">
         <name>.text:CIO_breakpoint</name>
         <load_address>0x244f1</load_address>
         <run_address>0x244f1</run_address>
         <size>0xbe</size>
         <input_file_ref idref="fl-33"/>
      </object_component>
      <object_component id="oc-f6">
         <name>.text</name>
         <load_address>0x245af</load_address>
         <run_address>0x245af</run_address>
         <size>0xba</size>
         <input_file_ref idref="fl-38"/>
      </object_component>
      <object_component id="oc-9c">
         <name>.text</name>
         <load_address>0x24669</load_address>
         <run_address>0x24669</run_address>
         <size>0xa2</size>
         <input_file_ref idref="fl-23"/>
      </object_component>
      <object_component id="oc-8b">
         <name>.text</name>
         <load_address>0x2470b</load_address>
         <run_address>0x2470b</run_address>
         <size>0xa0</size>
         <input_file_ref idref="fl-1f"/>
      </object_component>
      <object_component id="oc-bb">
         <name>.text</name>
         <load_address>0x247ab</load_address>
         <run_address>0x247ab</run_address>
         <size>0x79</size>
         <input_file_ref idref="fl-2a"/>
      </object_component>
      <object_component id="oc-113">
         <name>.text</name>
         <load_address>0x24824</load_address>
         <run_address>0x24824</run_address>
         <size>0x76</size>
         <input_file_ref idref="fl-3e"/>
      </object_component>
      <object_component id="oc-fa">
         <name>.text</name>
         <load_address>0x2489a</load_address>
         <run_address>0x2489a</run_address>
         <size>0x76</size>
         <input_file_ref idref="fl-39"/>
      </object_component>
      <object_component id="oc-a5">
         <name>.text</name>
         <load_address>0x24910</load_address>
         <run_address>0x24910</run_address>
         <size>0x73</size>
         <input_file_ref idref="fl-25"/>
      </object_component>
      <object_component id="oc-d3">
         <name>.text</name>
         <load_address>0x24983</load_address>
         <run_address>0x24983</run_address>
         <size>0x70</size>
         <input_file_ref idref="fl-30"/>
      </object_component>
      <object_component id="oc-93">
         <name>.text</name>
         <load_address>0x249f3</load_address>
         <run_address>0x249f3</run_address>
         <size>0x6e</size>
         <input_file_ref idref="fl-21"/>
      </object_component>
      <object_component id="oc-49">
         <name>.text</name>
         <load_address>0x24a61</load_address>
         <run_address>0x24a61</run_address>
         <size>0x6b</size>
         <input_file_ref idref="fl-10"/>
      </object_component>
      <object_component id="oc-e0">
         <name>.text</name>
         <load_address>0x24acc</load_address>
         <run_address>0x24acc</run_address>
         <size>0x6b</size>
         <input_file_ref idref="fl-33"/>
      </object_component>
      <object_component id="oc-fe">
         <name>.text</name>
         <load_address>0x24b37</load_address>
         <run_address>0x24b37</run_address>
         <size>0x68</size>
         <input_file_ref idref="fl-3a"/>
      </object_component>
      <object_component id="oc-97">
         <name>.text</name>
         <load_address>0x24b9f</load_address>
         <run_address>0x24b9f</run_address>
         <size>0x67</size>
         <input_file_ref idref="fl-22"/>
      </object_component>
      <object_component id="oc-75">
         <name>.text</name>
         <load_address>0x24c06</load_address>
         <run_address>0x24c06</run_address>
         <size>0x59</size>
         <input_file_ref idref="fl-19"/>
      </object_component>
      <object_component id="oc-c3">
         <name>.text</name>
         <load_address>0x24c5f</load_address>
         <run_address>0x24c5f</run_address>
         <size>0x56</size>
         <input_file_ref idref="fl-2c"/>
      </object_component>
      <object_component id="oc-2d">
         <name>.text</name>
         <load_address>0x24cb5</load_address>
         <run_address>0x24cb5</run_address>
         <size>0x55</size>
         <input_file_ref idref="fl-7"/>
      </object_component>
      <object_component id="oc-23">
         <name>.text</name>
         <load_address>0x24d0a</load_address>
         <run_address>0x24d0a</run_address>
         <size>0x54</size>
         <input_file_ref idref="fl-5"/>
      </object_component>
      <object_component id="oc-5d">
         <name>.text</name>
         <load_address>0x24d5e</load_address>
         <run_address>0x24d5e</run_address>
         <size>0x4e</size>
         <input_file_ref idref="fl-14"/>
      </object_component>
      <object_component id="oc-79">
         <name>.text</name>
         <load_address>0x24dac</load_address>
         <run_address>0x24dac</run_address>
         <size>0x4d</size>
         <input_file_ref idref="fl-1a"/>
      </object_component>
      <object_component id="oc-cf">
         <name>.text</name>
         <load_address>0x24df9</load_address>
         <run_address>0x24df9</run_address>
         <size>0x4b</size>
         <input_file_ref idref="fl-2f"/>
      </object_component>
      <object_component id="oc-71">
         <name>.text</name>
         <load_address>0x24e44</load_address>
         <run_address>0x24e44</run_address>
         <size>0x49</size>
         <input_file_ref idref="fl-18"/>
      </object_component>
      <object_component id="oc-f2">
         <name>.text</name>
         <load_address>0x24e8d</load_address>
         <run_address>0x24e8d</run_address>
         <size>0x48</size>
         <input_file_ref idref="fl-37"/>
      </object_component>
      <object_component id="oc-56">
         <name>.text</name>
         <load_address>0x24ed5</load_address>
         <run_address>0x24ed5</run_address>
         <size>0x3e</size>
         <input_file_ref idref="fl-13"/>
      </object_component>
      <object_component id="oc-10">
         <name>.text</name>
         <load_address>0x24f13</load_address>
         <run_address>0x24f13</run_address>
         <size>0x34</size>
         <input_file_ref idref="fl-12"/>
      </object_component>
      <object_component id="oc-12">
         <name>.text</name>
         <load_address>0x24f47</load_address>
         <run_address>0x24f47</run_address>
         <size>0x2d</size>
         <input_file_ref idref="fl-2"/>
      </object_component>
      <object_component id="oc-8f">
         <name>.text</name>
         <load_address>0x24f74</load_address>
         <run_address>0x24f74</run_address>
         <size>0x2a</size>
         <input_file_ref idref="fl-20"/>
      </object_component>
      <object_component id="oc-e6">
         <name>.text</name>
         <load_address>0x24f9e</load_address>
         <run_address>0x24f9e</run_address>
         <size>0x2a</size>
         <input_file_ref idref="fl-34"/>
      </object_component>
      <object_component id="oc-bf">
         <name>.text</name>
         <load_address>0x24fc8</load_address>
         <run_address>0x24fc8</run_address>
         <size>0x22</size>
         <input_file_ref idref="fl-2b"/>
      </object_component>
      <object_component id="oc-28">
         <name>.text</name>
         <load_address>0x24fea</load_address>
         <run_address>0x24fea</run_address>
         <size>0x1c</size>
         <input_file_ref idref="fl-6"/>
      </object_component>
      <object_component id="oc-a9">
         <name>.text</name>
         <load_address>0x25006</load_address>
         <run_address>0x25006</run_address>
         <size>0x1a</size>
         <input_file_ref idref="fl-26"/>
      </object_component>
      <object_component id="oc-d7">
         <name>.text</name>
         <load_address>0x25020</load_address>
         <run_address>0x25020</run_address>
         <size>0x14</size>
         <input_file_ref idref="fl-31"/>
      </object_component>
      <object_component id="oc-b1">
         <name>.text</name>
         <load_address>0x25034</load_address>
         <run_address>0x25034</run_address>
         <size>0x13</size>
         <input_file_ref idref="fl-28"/>
      </object_component>
      <object_component id="oc-65">
         <name>.text</name>
         <load_address>0x25047</load_address>
         <run_address>0x25047</run_address>
         <size>0x12</size>
         <input_file_ref idref="fl-16"/>
      </object_component>
      <object_component id="oc-cb">
         <name>.text</name>
         <load_address>0x25059</load_address>
         <run_address>0x25059</run_address>
         <size>0x10</size>
         <input_file_ref idref="fl-2e"/>
      </object_component>
      <object_component id="oc-117">
         <name>.text</name>
         <load_address>0x25069</load_address>
         <run_address>0x25069</run_address>
         <size>0xa</size>
         <input_file_ref idref="fl-3f"/>
      </object_component>
      <object_component id="oc-5a">
         <name>.text:CIO_breakpoint</name>
         <load_address>0x25073</load_address>
         <run_address>0x25073</run_address>
         <size>0x7</size>
         <input_file_ref idref="fl-13"/>
      </object_component>
      <object_component id="oc-61">
         <name>.text</name>
         <load_address>0x2507a</load_address>
         <run_address>0x2507a</run_address>
         <size>0x2</size>
         <input_file_ref idref="fl-15"/>
      </object_component>
      <object_component id="oc-52">
         <name>.stack</name>
         <uninitialized>true</uninitialized>
         <run_address>0xc0</run_address>
         <size>0x0</size>
         <input_file_ref idref="fl-12"/>
      </object_component>
      <object_component id="oc-136">
         <name>.stack</name>
         <uninitialized>true</uninitialized>
         <run_address>0xc0</run_address>
         <size>0x0</size>
      </object_component>
      <object_component id="oc-11b">
         <name>.sysstack</name>
         <uninitialized>true</uninitialized>
         <run_address>0x20c0</run_address>
         <size>0x0</size>
         <input_file_ref idref="fl-12"/>
      </object_component>
      <object_component id="oc-138">
         <name>.sysstack</name>
         <uninitialized>true</uninitialized>
         <run_address>0x20c0</run_address>
         <size>0x0</size>
      </object_component>
      <object_component id="oc-2e">
         <name>.bss</name>
         <uninitialized>true</uninitialized>
         <run_address>0x50c0</run_address>
         <size>0x119e</size>
         <input_file_ref idref="fl-7"/>
      </object_component>
      <object_component id="oc-107">
         <name>.bss</name>
         <uninitialized>true</uninitialized>
         <run_address>0x625e</run_address>
         <size>0x2</size>
         <input_file_ref idref="fl-3c"/>
      </object_component>
      <object_component id="oc-83">
         <name>.bss</name>
         <uninitialized>true</uninitialized>
         <run_address>0x6260</run_address>
         <size>0x232</size>
         <input_file_ref idref="fl-1d"/>
      </object_component>
      <object_component id="oc-dc">
         <name>.bss</name>
         <uninitialized>true</uninitialized>
         <run_address>0x6492</run_address>
         <size>0x1a0</size>
         <input_file_ref idref="fl-32"/>
      </object_component>
      <object_component id="oc-18">
         <name>.bss</name>
         <uninitialized>true</uninitialized>
         <run_address>0x6632</run_address>
         <size>0x2</size>
         <input_file_ref idref="fl-3"/>
      </object_component>
      <object_component id="oc-b6">
         <name>.bss</name>
         <uninitialized>true</uninitialized>
         <run_address>0x6634</run_address>
         <size>0xe2</size>
         <input_file_ref idref="fl-29"/>
      </object_component>
      <object_component id="oc-42">
         <name>.bss</name>
         <uninitialized>true</uninitialized>
         <run_address>0x6718</run_address>
         <size>0x6c</size>
         <input_file_ref idref="fl-a"/>
      </object_component>
      <object_component id="oc-10d">
         <name>.bss</name>
         <uninitialized>true</uninitialized>
         <run_address>0x6784</run_address>
         <size>0xe</size>
         <input_file_ref idref="fl-3d"/>
      </object_component>
      <object_component id="oc-66">
         <name>.bss</name>
         <uninitialized>true</uninitialized>
         <run_address>0x6794</run_address>
         <size>0x8</size>
         <input_file_ref idref="fl-16"/>
      </object_component>
      <object_component id="oc-57">
         <name>.bss</name>
         <uninitialized>true</uninitialized>
         <run_address>0x679c</run_address>
         <size>0x8</size>
         <input_file_ref idref="fl-13"/>
      </object_component>
      <object_component id="oc-3c">
         <name>.bss</name>
         <uninitialized>true</uninitialized>
         <run_address>0x67a4</run_address>
         <size>0x4</size>
         <input_file_ref idref="fl-9"/>
      </object_component>
      <object_component id="oc-45">
         <name>.const:.string</name>
         <load_address>0x67a8</load_address>
         <run_address>0x67a8</run_address>
         <size>0x46c</size>
         <input_file_ref idref="fl-a"/>
      </object_component>
      <object_component id="oc-37">
         <name>.const:.string</name>
         <load_address>0x6c14</load_address>
         <run_address>0x6c14</run_address>
         <size>0x2e8</size>
         <input_file_ref idref="fl-8"/>
      </object_component>
      <object_component id="oc-11d">
         <name>.const:__ctypes_</name>
         <load_address>0x6efc</load_address>
         <run_address>0x6efc</run_address>
         <size>0x202</size>
         <input_file_ref idref="fl-1c"/>
      </object_component>
      <object_component id="oc-11c">
         <name>.const:_N</name>
         <load_address>0x70fe</load_address>
         <run_address>0x70fe</run_address>
         <size>0x194</size>
         <input_file_ref idref="fl-7"/>
      </object_component>
      <object_component id="oc-31">
         <name>.const</name>
         <load_address>0x7292</load_address>
         <run_address>0x7292</run_address>
         <size>0x2</size>
         <input_file_ref idref="fl-7"/>
      </object_component>
      <object_component id="oc-6e">
         <name>.const:.string</name>
         <load_address>0x7294</load_address>
         <run_address>0x7294</run_address>
         <size>0x48</size>
         <input_file_ref idref="fl-17"/>
      </object_component>
      <object_component id="oc-6d">
         <name>.const</name>
         <load_address>0x72dc</load_address>
         <run_address>0x72dc</run_address>
         <size>0x18</size>
         <input_file_ref idref="fl-17"/>
      </object_component>
      <object_component id="oc-11e">
         <name>.const:_initial_approx$1</name>
         <load_address>0x72f4</load_address>
         <run_address>0x72f4</run_address>
         <size>0x10</size>
         <input_file_ref idref="fl-1e"/>
      </object_component>
      <object_component id="oc-a2">
         <name>.const:.string</name>
         <load_address>0x7304</load_address>
         <run_address>0x7304</run_address>
         <size>0x4</size>
         <input_file_ref idref="fl-24"/>
      </object_component>
      <object_component id="oc-99">
         <name>.const</name>
         <load_address>0x7308</load_address>
         <run_address>0x7308</run_address>
         <size>0x4</size>
         <input_file_ref idref="fl-22"/>
      </object_component>
      <object_component id="oc-110">
         <name>.sysmem</name>
         <uninitialized>true</uninitialized>
         <run_address>0x30c0</run_address>
         <size>0x0</size>
         <input_file_ref idref="fl-3d"/>
      </object_component>
      <object_component id="oc-137">
         <name>.sysmem</name>
         <uninitialized>true</uninitialized>
         <run_address>0x30c0</run_address>
         <size>0x0</size>
      </object_component>
      <object_component id="oc-44">
         <name>.cinit</name>
         <load_address>0x40240</load_address>
         <run_address>0x40240</run_address>
         <size>0x8c</size>
         <input_file_ref idref="fl-a"/>
      </object_component>
      <object_component id="oc-b8">
         <name>.cinit</name>
         <load_address>0x402cc</load_address>
         <run_address>0x402cc</run_address>
         <size>0x5a</size>
         <input_file_ref idref="fl-29"/>
      </object_component>
      <object_component id="oc-85">
         <name>.cinit</name>
         <load_address>0x40326</load_address>
         <run_address>0x40326</run_address>
         <size>0x54</size>
         <input_file_ref idref="fl-1d"/>
      </object_component>
      <object_component id="oc-68">
         <name>.cinit</name>
         <load_address>0x4037a</load_address>
         <run_address>0x4037a</run_address>
         <size>0x14</size>
         <input_file_ref idref="fl-16"/>
      </object_component>
      <object_component id="oc-59">
         <name>.cinit</name>
         <load_address>0x4038e</load_address>
         <run_address>0x4038e</run_address>
         <size>0x14</size>
         <input_file_ref idref="fl-13"/>
      </object_component>
      <object_component id="oc-30">
         <name>.cinit</name>
         <load_address>0x403a2</load_address>
         <run_address>0x403a2</run_address>
         <size>0x8</size>
         <input_file_ref idref="fl-7"/>
      </object_component>
      <object_component id="oc-109">
         <name>.cinit</name>
         <load_address>0x403aa</load_address>
         <run_address>0x403aa</run_address>
         <size>0x8</size>
         <input_file_ref idref="fl-3c"/>
      </object_component>
      <object_component id="oc-10f">
         <name>.cinit</name>
         <load_address>0x403b2</load_address>
         <run_address>0x403b2</run_address>
         <size>0x8</size>
         <input_file_ref idref="fl-3d"/>
      </object_component>
      <object_component id="oc-1a">
         <name>.cinit</name>
         <load_address>0x403ba</load_address>
         <run_address>0x403ba</run_address>
         <size>0x8</size>
         <input_file_ref idref="fl-3"/>
      </object_component>
      <object_component id="oc-e2">
         <name>.cio</name>
         <uninitialized>true</uninitialized>
         <run_address>0x40000</run_address>
         <size>0x240</size>
         <input_file_ref idref="fl-33"/>
      </object_component>
      <object_component id="oc-11">
         <name>vectors</name>
         <load_address>0x4fe00</load_address>
         <run_address>0x4fe00</run_address>
         <size>0x100</size>
         <input_file_ref idref="fl-15"/>
      </object_component>
      <object_component id="oc-13">
         <name>.debug_info</name>
         <load_address>0x0</load_address>
         <run_address>0x0</run_address>
         <size>0x636</size>
         <input_file_ref idref="fl-2"/>
      </object_component>
      <object_component id="oc-19">
         <name>.debug_info</name>
         <load_address>0x636</load_address>
         <run_address>0x636</run_address>
         <size>0xaff</size>
         <input_file_ref idref="fl-3"/>
      </object_component>
      <object_component id="oc-1f">
         <name>.debug_info</name>
         <load_address>0x1135</load_address>
         <run_address>0x1135</run_address>
         <size>0x802</size>
         <input_file_ref idref="fl-4"/>
      </object_component>
      <object_component id="oc-24">
         <name>.debug_info</name>
         <load_address>0x1937</load_address>
         <run_address>0x1937</run_address>
         <size>0x672</size>
         <input_file_ref idref="fl-5"/>
      </object_component>
      <object_component id="oc-29">
         <name>.debug_info</name>
         <load_address>0x1fa9</load_address>
         <run_address>0x1fa9</run_address>
         <size>0x572</size>
         <input_file_ref idref="fl-6"/>
      </object_component>
      <object_component id="oc-2f">
         <name>.debug_info</name>
         <load_address>0x251b</load_address>
         <run_address>0x251b</run_address>
         <size>0x657</size>
         <input_file_ref idref="fl-7"/>
      </object_component>
      <object_component id="oc-36">
         <name>.debug_info</name>
         <load_address>0x2b72</load_address>
         <run_address>0x2b72</run_address>
         <size>0xe65</size>
         <input_file_ref idref="fl-8"/>
      </object_component>
      <object_component id="oc-3d">
         <name>.debug_info</name>
         <load_address>0x39d7</load_address>
         <run_address>0x39d7</run_address>
         <size>0xc82</size>
         <input_file_ref idref="fl-9"/>
      </object_component>
      <object_component id="oc-43">
         <name>.debug_info</name>
         <load_address>0x4659</load_address>
         <run_address>0x4659</run_address>
         <size>0x1180</size>
         <input_file_ref idref="fl-a"/>
      </object_component>
      <object_component id="oc-4a">
         <name>.debug_info</name>
         <load_address>0x57d9</load_address>
         <run_address>0x57d9</run_address>
         <size>0xe3</size>
         <input_file_ref idref="fl-10"/>
      </object_component>
      <object_component id="oc-4e">
         <name>.debug_info</name>
         <load_address>0x58bc</load_address>
         <run_address>0x58bc</run_address>
         <size>0x5ff3</size>
         <input_file_ref idref="fl-11"/>
      </object_component>
      <object_component id="oc-53">
         <name>.debug_info</name>
         <load_address>0xb8af</load_address>
         <run_address>0xb8af</run_address>
         <size>0xe8</size>
         <input_file_ref idref="fl-12"/>
      </object_component>
      <object_component id="oc-58">
         <name>.debug_info</name>
         <load_address>0xb997</load_address>
         <run_address>0xb997</run_address>
         <size>0x5fb</size>
         <input_file_ref idref="fl-13"/>
      </object_component>
      <object_component id="oc-5e">
         <name>.debug_info</name>
         <load_address>0xbf92</load_address>
         <run_address>0xbf92</run_address>
         <size>0x76c</size>
         <input_file_ref idref="fl-14"/>
      </object_component>
      <object_component id="oc-62">
         <name>.debug_info</name>
         <load_address>0xc6fe</load_address>
         <run_address>0xc6fe</run_address>
         <size>0xbc</size>
         <input_file_ref idref="fl-15"/>
      </object_component>
      <object_component id="oc-67">
         <name>.debug_info</name>
         <load_address>0xc7ba</load_address>
         <run_address>0xc7ba</run_address>
         <size>0x5bc</size>
         <input_file_ref idref="fl-16"/>
      </object_component>
      <object_component id="oc-6c">
         <name>.debug_info</name>
         <load_address>0xcd76</load_address>
         <run_address>0xcd76</run_address>
         <size>0x27bd</size>
         <input_file_ref idref="fl-17"/>
      </object_component>
      <object_component id="oc-72">
         <name>.debug_info</name>
         <load_address>0xf533</load_address>
         <run_address>0xf533</run_address>
         <size>0x586</size>
         <input_file_ref idref="fl-18"/>
      </object_component>
      <object_component id="oc-76">
         <name>.debug_info</name>
         <load_address>0xfab9</load_address>
         <run_address>0xfab9</run_address>
         <size>0x5a4</size>
         <input_file_ref idref="fl-19"/>
      </object_component>
      <object_component id="oc-7a">
         <name>.debug_info</name>
         <load_address>0x1005d</load_address>
         <run_address>0x1005d</run_address>
         <size>0xcd</size>
         <input_file_ref idref="fl-1a"/>
      </object_component>
      <object_component id="oc-7e">
         <name>.debug_info</name>
         <load_address>0x1012a</load_address>
         <run_address>0x1012a</run_address>
         <size>0x81f</size>
         <input_file_ref idref="fl-1b"/>
      </object_component>
      <object_component id="oc-81">
         <name>.debug_info</name>
         <load_address>0x10949</load_address>
         <run_address>0x10949</run_address>
         <size>0x498</size>
         <input_file_ref idref="fl-1c"/>
      </object_component>
      <object_component id="oc-84">
         <name>.debug_info</name>
         <load_address>0x10de1</load_address>
         <run_address>0x10de1</run_address>
         <size>0x57e</size>
         <input_file_ref idref="fl-1d"/>
      </object_component>
      <object_component id="oc-88">
         <name>.debug_info</name>
         <load_address>0x1135f</load_address>
         <run_address>0x1135f</run_address>
         <size>0x7e8</size>
         <input_file_ref idref="fl-1e"/>
      </object_component>
      <object_component id="oc-8c">
         <name>.debug_info</name>
         <load_address>0x11b47</load_address>
         <run_address>0x11b47</run_address>
         <size>0x534</size>
         <input_file_ref idref="fl-1f"/>
      </object_component>
      <object_component id="oc-90">
         <name>.debug_info</name>
         <load_address>0x1207b</load_address>
         <run_address>0x1207b</run_address>
         <size>0x4cf</size>
         <input_file_ref idref="fl-20"/>
      </object_component>
      <object_component id="oc-94">
         <name>.debug_info</name>
         <load_address>0x1254a</load_address>
         <run_address>0x1254a</run_address>
         <size>0x534</size>
         <input_file_ref idref="fl-21"/>
      </object_component>
      <object_component id="oc-98">
         <name>.debug_info</name>
         <load_address>0x12a7e</load_address>
         <run_address>0x12a7e</run_address>
         <size>0x549</size>
         <input_file_ref idref="fl-22"/>
      </object_component>
      <object_component id="oc-9d">
         <name>.debug_info</name>
         <load_address>0x12fc7</load_address>
         <run_address>0x12fc7</run_address>
         <size>0x6aa</size>
         <input_file_ref idref="fl-23"/>
      </object_component>
      <object_component id="oc-a1">
         <name>.debug_info</name>
         <load_address>0x13671</load_address>
         <run_address>0x13671</run_address>
         <size>0x942</size>
         <input_file_ref idref="fl-24"/>
      </object_component>
      <object_component id="oc-a6">
         <name>.debug_info</name>
         <load_address>0x13fb3</load_address>
         <run_address>0x13fb3</run_address>
         <size>0x53e</size>
         <input_file_ref idref="fl-25"/>
      </object_component>
      <object_component id="oc-aa">
         <name>.debug_info</name>
         <load_address>0x144f1</load_address>
         <run_address>0x144f1</run_address>
         <size>0x680</size>
         <input_file_ref idref="fl-26"/>
      </object_component>
      <object_component id="oc-ae">
         <name>.debug_info</name>
         <load_address>0x14b71</load_address>
         <run_address>0x14b71</run_address>
         <size>0x7d4</size>
         <input_file_ref idref="fl-27"/>
      </object_component>
      <object_component id="oc-b2">
         <name>.debug_info</name>
         <load_address>0x15345</load_address>
         <run_address>0x15345</run_address>
         <size>0xbd</size>
         <input_file_ref idref="fl-28"/>
      </object_component>
      <object_component id="oc-b7">
         <name>.debug_info</name>
         <load_address>0x15402</load_address>
         <run_address>0x15402</run_address>
         <size>0x144b</size>
         <input_file_ref idref="fl-29"/>
      </object_component>
      <object_component id="oc-bc">
         <name>.debug_info</name>
         <load_address>0x1684d</load_address>
         <run_address>0x1684d</run_address>
         <size>0x5ad</size>
         <input_file_ref idref="fl-2a"/>
      </object_component>
      <object_component id="oc-c0">
         <name>.debug_info</name>
         <load_address>0x16dfa</load_address>
         <run_address>0x16dfa</run_address>
         <size>0x574</size>
         <input_file_ref idref="fl-2b"/>
      </object_component>
      <object_component id="oc-c4">
         <name>.debug_info</name>
         <load_address>0x1736e</load_address>
         <run_address>0x1736e</run_address>
         <size>0xd1</size>
         <input_file_ref idref="fl-2c"/>
      </object_component>
      <object_component id="oc-c8">
         <name>.debug_info</name>
         <load_address>0x1743f</load_address>
         <run_address>0x1743f</run_address>
         <size>0x55b</size>
         <input_file_ref idref="fl-2d"/>
      </object_component>
      <object_component id="oc-cc">
         <name>.debug_info</name>
         <load_address>0x1799a</load_address>
         <run_address>0x1799a</run_address>
         <size>0x4b7</size>
         <input_file_ref idref="fl-2e"/>
      </object_component>
      <object_component id="oc-d0">
         <name>.debug_info</name>
         <load_address>0x17e51</load_address>
         <run_address>0x17e51</run_address>
         <size>0x4f2</size>
         <input_file_ref idref="fl-2f"/>
      </object_component>
      <object_component id="oc-d4">
         <name>.debug_info</name>
         <load_address>0x18343</load_address>
         <run_address>0x18343</run_address>
         <size>0x534</size>
         <input_file_ref idref="fl-30"/>
      </object_component>
      <object_component id="oc-d8">
         <name>.debug_info</name>
         <load_address>0x18877</load_address>
         <run_address>0x18877</run_address>
         <size>0x4de</size>
         <input_file_ref idref="fl-31"/>
      </object_component>
      <object_component id="oc-dd">
         <name>.debug_info</name>
         <load_address>0x18d55</load_address>
         <run_address>0x18d55</run_address>
         <size>0xed4</size>
         <input_file_ref idref="fl-32"/>
      </object_component>
      <object_component id="oc-e1">
         <name>.debug_info</name>
         <load_address>0x19c29</load_address>
         <run_address>0x19c29</run_address>
         <size>0x744</size>
         <input_file_ref idref="fl-33"/>
      </object_component>
      <object_component id="oc-e7">
         <name>.debug_info</name>
         <load_address>0x1a36d</load_address>
         <run_address>0x1a36d</run_address>
         <size>0xef</size>
         <input_file_ref idref="fl-34"/>
      </object_component>
      <object_component id="oc-eb">
         <name>.debug_info</name>
         <load_address>0x1a45c</load_address>
         <run_address>0x1a45c</run_address>
         <size>0x662</size>
         <input_file_ref idref="fl-35"/>
      </object_component>
      <object_component id="oc-ef">
         <name>.debug_info</name>
         <load_address>0x1aabe</load_address>
         <run_address>0x1aabe</run_address>
         <size>0x5ab</size>
         <input_file_ref idref="fl-36"/>
      </object_component>
      <object_component id="oc-f3">
         <name>.debug_info</name>
         <load_address>0x1b069</load_address>
         <run_address>0x1b069</run_address>
         <size>0x4f2</size>
         <input_file_ref idref="fl-37"/>
      </object_component>
      <object_component id="oc-f7">
         <name>.debug_info</name>
         <load_address>0x1b55b</load_address>
         <run_address>0x1b55b</run_address>
         <size>0x706</size>
         <input_file_ref idref="fl-38"/>
      </object_component>
      <object_component id="oc-fb">
         <name>.debug_info</name>
         <load_address>0x1bc61</load_address>
         <run_address>0x1bc61</run_address>
         <size>0x4d2</size>
         <input_file_ref idref="fl-39"/>
      </object_component>
      <object_component id="oc-ff">
         <name>.debug_info</name>
         <load_address>0x1c133</load_address>
         <run_address>0x1c133</run_address>
         <size>0x5f7</size>
         <input_file_ref idref="fl-3a"/>
      </object_component>
      <object_component id="oc-103">
         <name>.debug_info</name>
         <load_address>0x1c72a</load_address>
         <run_address>0x1c72a</run_address>
         <size>0x64a</size>
         <input_file_ref idref="fl-3b"/>
      </object_component>
      <object_component id="oc-108">
         <name>.debug_info</name>
         <load_address>0x1cd74</load_address>
         <run_address>0x1cd74</run_address>
         <size>0xa1c</size>
         <input_file_ref idref="fl-3c"/>
      </object_component>
      <object_component id="oc-10e">
         <name>.debug_info</name>
         <load_address>0x1d790</load_address>
         <run_address>0x1d790</run_address>
         <size>0xba5</size>
         <input_file_ref idref="fl-3d"/>
      </object_component>
      <object_component id="oc-114">
         <name>.debug_info</name>
         <load_address>0x1e335</load_address>
         <run_address>0x1e335</run_address>
         <size>0x64f</size>
         <input_file_ref idref="fl-3e"/>
      </object_component>
      <object_component id="oc-118">
         <name>.debug_info</name>
         <load_address>0x1e984</load_address>
         <run_address>0x1e984</run_address>
         <size>0x510</size>
         <input_file_ref idref="fl-3f"/>
      </object_component>
      <object_component id="oc-13f">
         <name>.debug_info</name>
         <load_address>0x1ee94</load_address>
         <run_address>0x1ee94</run_address>
         <size>0x6e</size>
      </object_component>
      <object_component id="oc-14">
         <name>.debug_frame</name>
         <load_address>0x0</load_address>
         <run_address>0x0</run_address>
         <size>0x11c</size>
         <input_file_ref idref="fl-2"/>
      </object_component>
      <object_component id="oc-1b">
         <name>.debug_frame</name>
         <load_address>0x11c</load_address>
         <run_address>0x11c</run_address>
         <size>0x14a</size>
         <input_file_ref idref="fl-3"/>
      </object_component>
      <object_component id="oc-20">
         <name>.debug_frame</name>
         <load_address>0x266</load_address>
         <run_address>0x266</run_address>
         <size>0x135</size>
         <input_file_ref idref="fl-4"/>
      </object_component>
      <object_component id="oc-25">
         <name>.debug_frame</name>
         <load_address>0x39b</load_address>
         <run_address>0x39b</run_address>
         <size>0x116</size>
         <input_file_ref idref="fl-5"/>
      </object_component>
      <object_component id="oc-2a">
         <name>.debug_frame</name>
         <load_address>0x4b1</load_address>
         <run_address>0x4b1</run_address>
         <size>0xe4</size>
         <input_file_ref idref="fl-6"/>
      </object_component>
      <object_component id="oc-32">
         <name>.debug_frame</name>
         <load_address>0x595</load_address>
         <run_address>0x595</run_address>
         <size>0xe1</size>
         <input_file_ref idref="fl-7"/>
      </object_component>
      <object_component id="oc-38">
         <name>.debug_frame</name>
         <load_address>0x676</load_address>
         <run_address>0x676</run_address>
         <size>0x103</size>
         <input_file_ref idref="fl-8"/>
      </object_component>
      <object_component id="oc-3e">
         <name>.debug_frame</name>
         <load_address>0x779</load_address>
         <run_address>0x779</run_address>
         <size>0x172</size>
         <input_file_ref idref="fl-9"/>
      </object_component>
      <object_component id="oc-46">
         <name>.debug_frame</name>
         <load_address>0x8eb</load_address>
         <run_address>0x8eb</run_address>
         <size>0x103</size>
         <input_file_ref idref="fl-a"/>
      </object_component>
      <object_component id="oc-4f">
         <name>.debug_frame</name>
         <load_address>0x9ee</load_address>
         <run_address>0x9ee</run_address>
         <size>0x175</size>
         <input_file_ref idref="fl-11"/>
      </object_component>
      <object_component id="oc-15">
         <name>.debug_line</name>
         <load_address>0x0</load_address>
         <run_address>0x0</run_address>
         <size>0x8c</size>
         <input_file_ref idref="fl-2"/>
      </object_component>
      <object_component id="oc-1c">
         <name>.debug_line</name>
         <load_address>0x8c</load_address>
         <run_address>0x8c</run_address>
         <size>0x118</size>
         <input_file_ref idref="fl-3"/>
      </object_component>
      <object_component id="oc-21">
         <name>.debug_line</name>
         <load_address>0x1a4</load_address>
         <run_address>0x1a4</run_address>
         <size>0xdd</size>
         <input_file_ref idref="fl-4"/>
      </object_component>
      <object_component id="oc-26">
         <name>.debug_line</name>
         <load_address>0x281</load_address>
         <run_address>0x281</run_address>
         <size>0x83</size>
         <input_file_ref idref="fl-5"/>
      </object_component>
      <object_component id="oc-2b">
         <name>.debug_line</name>
         <load_address>0x304</load_address>
         <run_address>0x304</run_address>
         <size>0x44</size>
         <input_file_ref idref="fl-6"/>
      </object_component>
      <object_component id="oc-33">
         <name>.debug_line</name>
         <load_address>0x348</load_address>
         <run_address>0x348</run_address>
         <size>0x46</size>
         <input_file_ref idref="fl-7"/>
      </object_component>
      <object_component id="oc-39">
         <name>.debug_line</name>
         <load_address>0x38e</load_address>
         <run_address>0x38e</run_address>
         <size>0x20e</size>
         <input_file_ref idref="fl-8"/>
      </object_component>
      <object_component id="oc-3f">
         <name>.debug_line</name>
         <load_address>0x59c</load_address>
         <run_address>0x59c</run_address>
         <size>0xfe</size>
         <input_file_ref idref="fl-9"/>
      </object_component>
      <object_component id="oc-47">
         <name>.debug_line</name>
         <load_address>0x69a</load_address>
         <run_address>0x69a</run_address>
         <size>0x10e</size>
         <input_file_ref idref="fl-a"/>
      </object_component>
      <object_component id="oc-4b">
         <name>.debug_line</name>
         <load_address>0x7a8</load_address>
         <run_address>0x7a8</run_address>
         <size>0x51</size>
         <input_file_ref idref="fl-10"/>
      </object_component>
      <object_component id="oc-50">
         <name>.debug_line</name>
         <load_address>0x7f9</load_address>
         <run_address>0x7f9</run_address>
         <size>0x2dd</size>
         <input_file_ref idref="fl-11"/>
      </object_component>
      <object_component id="oc-54">
         <name>.debug_line</name>
         <load_address>0xad6</load_address>
         <run_address>0xad6</run_address>
         <size>0x54</size>
         <input_file_ref idref="fl-12"/>
      </object_component>
      <object_component id="oc-5b">
         <name>.debug_line</name>
         <load_address>0xb2a</load_address>
         <run_address>0xb2a</run_address>
         <size>0x51</size>
         <input_file_ref idref="fl-13"/>
      </object_component>
      <object_component id="oc-5f">
         <name>.debug_line</name>
         <load_address>0xb7b</load_address>
         <run_address>0xb7b</run_address>
         <size>0x69</size>
         <input_file_ref idref="fl-14"/>
      </object_component>
      <object_component id="oc-63">
         <name>.debug_line</name>
         <load_address>0xbe4</load_address>
         <run_address>0xbe4</run_address>
         <size>0x37</size>
         <input_file_ref idref="fl-15"/>
      </object_component>
      <object_component id="oc-69">
         <name>.debug_line</name>
         <load_address>0xc1b</load_address>
         <run_address>0xc1b</run_address>
         <size>0x57</size>
         <input_file_ref idref="fl-16"/>
      </object_component>
      <object_component id="oc-6f">
         <name>.debug_line</name>
         <load_address>0xc72</load_address>
         <run_address>0xc72</run_address>
         <size>0x328</size>
         <input_file_ref idref="fl-17"/>
      </object_component>
      <object_component id="oc-73">
         <name>.debug_line</name>
         <load_address>0xf9a</load_address>
         <run_address>0xf9a</run_address>
         <size>0x41</size>
         <input_file_ref idref="fl-18"/>
      </object_component>
      <object_component id="oc-77">
         <name>.debug_line</name>
         <load_address>0xfdb</load_address>
         <run_address>0xfdb</run_address>
         <size>0x46</size>
         <input_file_ref idref="fl-19"/>
      </object_component>
      <object_component id="oc-7b">
         <name>.debug_line</name>
         <load_address>0x1021</load_address>
         <run_address>0x1021</run_address>
         <size>0x55</size>
         <input_file_ref idref="fl-1a"/>
      </object_component>
      <object_component id="oc-7f">
         <name>.debug_line</name>
         <load_address>0x1076</load_address>
         <run_address>0x1076</run_address>
         <size>0xad</size>
         <input_file_ref idref="fl-1b"/>
      </object_component>
      <object_component id="oc-89">
         <name>.debug_line</name>
         <load_address>0x1123</load_address>
         <run_address>0x1123</run_address>
         <size>0x5b</size>
         <input_file_ref idref="fl-1e"/>
      </object_component>
      <object_component id="oc-8d">
         <name>.debug_line</name>
         <load_address>0x117e</load_address>
         <run_address>0x117e</run_address>
         <size>0x44</size>
         <input_file_ref idref="fl-1f"/>
      </object_component>
      <object_component id="oc-91">
         <name>.debug_line</name>
         <load_address>0x11c2</load_address>
         <run_address>0x11c2</run_address>
         <size>0x3d</size>
         <input_file_ref idref="fl-20"/>
      </object_component>
      <object_component id="oc-95">
         <name>.debug_line</name>
         <load_address>0x11ff</load_address>
         <run_address>0x11ff</run_address>
         <size>0x3d</size>
         <input_file_ref idref="fl-21"/>
      </object_component>
      <object_component id="oc-9a">
         <name>.debug_line</name>
         <load_address>0x123c</load_address>
         <run_address>0x123c</run_address>
         <size>0x44</size>
         <input_file_ref idref="fl-22"/>
      </object_component>
      <object_component id="oc-9e">
         <name>.debug_line</name>
         <load_address>0x1280</load_address>
         <run_address>0x1280</run_address>
         <size>0x56</size>
         <input_file_ref idref="fl-23"/>
      </object_component>
      <object_component id="oc-a3">
         <name>.debug_line</name>
         <load_address>0x12d6</load_address>
         <run_address>0x12d6</run_address>
         <size>0xa6</size>
         <input_file_ref idref="fl-24"/>
      </object_component>
      <object_component id="oc-a7">
         <name>.debug_line</name>
         <load_address>0x137c</load_address>
         <run_address>0x137c</run_address>
         <size>0x40</size>
         <input_file_ref idref="fl-25"/>
      </object_component>
      <object_component id="oc-ab">
         <name>.debug_line</name>
         <load_address>0x13bc</load_address>
         <run_address>0x13bc</run_address>
         <size>0x38</size>
         <input_file_ref idref="fl-26"/>
      </object_component>
      <object_component id="oc-af">
         <name>.debug_line</name>
         <load_address>0x13f4</load_address>
         <run_address>0x13f4</run_address>
         <size>0xa8</size>
         <input_file_ref idref="fl-27"/>
      </object_component>
      <object_component id="oc-b3">
         <name>.debug_line</name>
         <load_address>0x149c</load_address>
         <run_address>0x149c</run_address>
         <size>0x3c</size>
         <input_file_ref idref="fl-28"/>
      </object_component>
      <object_component id="oc-b9">
         <name>.debug_line</name>
         <load_address>0x14d8</load_address>
         <run_address>0x14d8</run_address>
         <size>0x1b0</size>
         <input_file_ref idref="fl-29"/>
      </object_component>
      <object_component id="oc-bd">
         <name>.debug_line</name>
         <load_address>0x1688</load_address>
         <run_address>0x1688</run_address>
         <size>0x40</size>
         <input_file_ref idref="fl-2a"/>
      </object_component>
      <object_component id="oc-c1">
         <name>.debug_line</name>
         <load_address>0x16c8</load_address>
         <run_address>0x16c8</run_address>
         <size>0x3a</size>
         <input_file_ref idref="fl-2b"/>
      </object_component>
      <object_component id="oc-c5">
         <name>.debug_line</name>
         <load_address>0x1702</load_address>
         <run_address>0x1702</run_address>
         <size>0x54</size>
         <input_file_ref idref="fl-2c"/>
      </object_component>
      <object_component id="oc-c9">
         <name>.debug_line</name>
         <load_address>0x1756</load_address>
         <run_address>0x1756</run_address>
         <size>0x3c</size>
         <input_file_ref idref="fl-2d"/>
      </object_component>
      <object_component id="oc-cd">
         <name>.debug_line</name>
         <load_address>0x1792</load_address>
         <run_address>0x1792</run_address>
         <size>0x37</size>
         <input_file_ref idref="fl-2e"/>
      </object_component>
      <object_component id="oc-d1">
         <name>.debug_line</name>
         <load_address>0x17c9</load_address>
         <run_address>0x17c9</run_address>
         <size>0x3c</size>
         <input_file_ref idref="fl-2f"/>
      </object_component>
      <object_component id="oc-d5">
         <name>.debug_line</name>
         <load_address>0x1805</load_address>
         <run_address>0x1805</run_address>
         <size>0x44</size>
         <input_file_ref idref="fl-30"/>
      </object_component>
      <object_component id="oc-d9">
         <name>.debug_line</name>
         <load_address>0x1849</load_address>
         <run_address>0x1849</run_address>
         <size>0x37</size>
         <input_file_ref idref="fl-31"/>
      </object_component>
      <object_component id="oc-de">
         <name>.debug_line</name>
         <load_address>0x1880</load_address>
         <run_address>0x1880</run_address>
         <size>0x15e</size>
         <input_file_ref idref="fl-32"/>
      </object_component>
      <object_component id="oc-e4">
         <name>.debug_line</name>
         <load_address>0x19de</load_address>
         <run_address>0x19de</run_address>
         <size>0x6a</size>
         <input_file_ref idref="fl-33"/>
      </object_component>
      <object_component id="oc-e8">
         <name>.debug_line</name>
         <load_address>0x1a48</load_address>
         <run_address>0x1a48</run_address>
         <size>0x58</size>
         <input_file_ref idref="fl-34"/>
      </object_component>
      <object_component id="oc-ec">
         <name>.debug_line</name>
         <load_address>0x1aa0</load_address>
         <run_address>0x1aa0</run_address>
         <size>0x57</size>
         <input_file_ref idref="fl-35"/>
      </object_component>
      <object_component id="oc-f0">
         <name>.debug_line</name>
         <load_address>0x1af7</load_address>
         <run_address>0x1af7</run_address>
         <size>0x5c</size>
         <input_file_ref idref="fl-36"/>
      </object_component>
      <object_component id="oc-f4">
         <name>.debug_line</name>
         <load_address>0x1b53</load_address>
         <run_address>0x1b53</run_address>
         <size>0x3c</size>
         <input_file_ref idref="fl-37"/>
      </object_component>
      <object_component id="oc-f8">
         <name>.debug_line</name>
         <load_address>0x1b8f</load_address>
         <run_address>0x1b8f</run_address>
         <size>0x5b</size>
         <input_file_ref idref="fl-38"/>
      </object_component>
      <object_component id="oc-fc">
         <name>.debug_line</name>
         <load_address>0x1bea</load_address>
         <run_address>0x1bea</run_address>
         <size>0x3a</size>
         <input_file_ref idref="fl-39"/>
      </object_component>
      <object_component id="oc-100">
         <name>.debug_line</name>
         <load_address>0x1c24</load_address>
         <run_address>0x1c24</run_address>
         <size>0x3c</size>
         <input_file_ref idref="fl-3a"/>
      </object_component>
      <object_component id="oc-104">
         <name>.debug_line</name>
         <load_address>0x1c60</load_address>
         <run_address>0x1c60</run_address>
         <size>0x40</size>
         <input_file_ref idref="fl-3b"/>
      </object_component>
      <object_component id="oc-10a">
         <name>.debug_line</name>
         <load_address>0x1ca0</load_address>
         <run_address>0x1ca0</run_address>
         <size>0xd7</size>
         <input_file_ref idref="fl-3c"/>
      </object_component>
      <object_component id="oc-111">
         <name>.debug_line</name>
         <load_address>0x1d77</load_address>
         <run_address>0x1d77</run_address>
         <size>0x112</size>
         <input_file_ref idref="fl-3d"/>
      </object_component>
      <object_component id="oc-115">
         <name>.debug_line</name>
         <load_address>0x1e89</load_address>
         <run_address>0x1e89</run_address>
         <size>0x3d</size>
         <input_file_ref idref="fl-3e"/>
      </object_component>
      <object_component id="oc-119">
         <name>.debug_line</name>
         <load_address>0x1ec6</load_address>
         <run_address>0x1ec6</run_address>
         <size>0x39</size>
         <input_file_ref idref="fl-3f"/>
      </object_component>
      <object_component id="oc-16">
         <name>.debug_abbrev</name>
         <load_address>0x0</load_address>
         <run_address>0x0</run_address>
         <size>0x95</size>
         <input_file_ref idref="fl-2"/>
      </object_component>
      <object_component id="oc-1d">
         <name>.debug_abbrev</name>
         <load_address>0x95</load_address>
         <run_address>0x95</run_address>
         <size>0xd0</size>
         <input_file_ref idref="fl-3"/>
      </object_component>
      <object_component id="oc-22">
         <name>.debug_abbrev</name>
         <load_address>0x165</load_address>
         <run_address>0x165</run_address>
         <size>0x87</size>
         <input_file_ref idref="fl-4"/>
      </object_component>
      <object_component id="oc-27">
         <name>.debug_abbrev</name>
         <load_address>0x1ec</load_address>
         <run_address>0x1ec</run_address>
         <size>0xe7</size>
         <input_file_ref idref="fl-5"/>
      </object_component>
      <object_component id="oc-2c">
         <name>.debug_abbrev</name>
         <load_address>0x2d3</load_address>
         <run_address>0x2d3</run_address>
         <size>0x87</size>
         <input_file_ref idref="fl-6"/>
      </object_component>
      <object_component id="oc-34">
         <name>.debug_abbrev</name>
         <load_address>0x35a</load_address>
         <run_address>0x35a</run_address>
         <size>0xf7</size>
         <input_file_ref idref="fl-7"/>
      </object_component>
      <object_component id="oc-3a">
         <name>.debug_abbrev</name>
         <load_address>0x451</load_address>
         <run_address>0x451</run_address>
         <size>0xfd</size>
         <input_file_ref idref="fl-8"/>
      </object_component>
      <object_component id="oc-40">
         <name>.debug_abbrev</name>
         <load_address>0x54e</load_address>
         <run_address>0x54e</run_address>
         <size>0x147</size>
         <input_file_ref idref="fl-9"/>
      </object_component>
      <object_component id="oc-48">
         <name>.debug_abbrev</name>
         <load_address>0x695</load_address>
         <run_address>0x695</run_address>
         <size>0x14c</size>
         <input_file_ref idref="fl-a"/>
      </object_component>
      <object_component id="oc-4c">
         <name>.debug_abbrev</name>
         <load_address>0x7e1</load_address>
         <run_address>0x7e1</run_address>
         <size>0x2c</size>
         <input_file_ref idref="fl-10"/>
      </object_component>
      <object_component id="oc-51">
         <name>.debug_abbrev</name>
         <load_address>0x80d</load_address>
         <run_address>0x80d</run_address>
         <size>0x23e</size>
         <input_file_ref idref="fl-11"/>
      </object_component>
      <object_component id="oc-55">
         <name>.debug_abbrev</name>
         <load_address>0xa4b</load_address>
         <run_address>0xa4b</run_address>
         <size>0x3a</size>
         <input_file_ref idref="fl-12"/>
      </object_component>
      <object_component id="oc-5c">
         <name>.debug_abbrev</name>
         <load_address>0xa85</load_address>
         <run_address>0xa85</run_address>
         <size>0xf7</size>
         <input_file_ref idref="fl-13"/>
      </object_component>
      <object_component id="oc-60">
         <name>.debug_abbrev</name>
         <load_address>0xb7c</load_address>
         <run_address>0xb7c</run_address>
         <size>0x145</size>
         <input_file_ref idref="fl-14"/>
      </object_component>
      <object_component id="oc-64">
         <name>.debug_abbrev</name>
         <load_address>0xcc1</load_address>
         <run_address>0xcc1</run_address>
         <size>0x26</size>
         <input_file_ref idref="fl-15"/>
      </object_component>
      <object_component id="oc-6a">
         <name>.debug_abbrev</name>
         <load_address>0xce7</load_address>
         <run_address>0xce7</run_address>
         <size>0x9f</size>
         <input_file_ref idref="fl-16"/>
      </object_component>
      <object_component id="oc-70">
         <name>.debug_abbrev</name>
         <load_address>0xd86</load_address>
         <run_address>0xd86</run_address>
         <size>0x1f8</size>
         <input_file_ref idref="fl-17"/>
      </object_component>
      <object_component id="oc-74">
         <name>.debug_abbrev</name>
         <load_address>0xf7e</load_address>
         <run_address>0xf7e</run_address>
         <size>0xec</size>
         <input_file_ref idref="fl-18"/>
      </object_component>
      <object_component id="oc-78">
         <name>.debug_abbrev</name>
         <load_address>0x106a</load_address>
         <run_address>0x106a</run_address>
         <size>0xd5</size>
         <input_file_ref idref="fl-19"/>
      </object_component>
      <object_component id="oc-7c">
         <name>.debug_abbrev</name>
         <load_address>0x113f</load_address>
         <run_address>0x113f</run_address>
         <size>0x44</size>
         <input_file_ref idref="fl-1a"/>
      </object_component>
      <object_component id="oc-80">
         <name>.debug_abbrev</name>
         <load_address>0x1183</load_address>
         <run_address>0x1183</run_address>
         <size>0xb7</size>
         <input_file_ref idref="fl-1b"/>
      </object_component>
      <object_component id="oc-82">
         <name>.debug_abbrev</name>
         <load_address>0x123a</load_address>
         <run_address>0x123a</run_address>
         <size>0x68</size>
         <input_file_ref idref="fl-1c"/>
      </object_component>
      <object_component id="oc-86">
         <name>.debug_abbrev</name>
         <load_address>0x12a2</load_address>
         <run_address>0x12a2</run_address>
         <size>0x83</size>
         <input_file_ref idref="fl-1d"/>
      </object_component>
      <object_component id="oc-8a">
         <name>.debug_abbrev</name>
         <load_address>0x1325</load_address>
         <run_address>0x1325</run_address>
         <size>0x112</size>
         <input_file_ref idref="fl-1e"/>
      </object_component>
      <object_component id="oc-8e">
         <name>.debug_abbrev</name>
         <load_address>0x1437</load_address>
         <run_address>0x1437</run_address>
         <size>0xb5</size>
         <input_file_ref idref="fl-1f"/>
      </object_component>
      <object_component id="oc-92">
         <name>.debug_abbrev</name>
         <load_address>0x14ec</load_address>
         <run_address>0x14ec</run_address>
         <size>0x8f</size>
         <input_file_ref idref="fl-20"/>
      </object_component>
      <object_component id="oc-96">
         <name>.debug_abbrev</name>
         <load_address>0x157b</load_address>
         <run_address>0x157b</run_address>
         <size>0xb7</size>
         <input_file_ref idref="fl-21"/>
      </object_component>
      <object_component id="oc-9b">
         <name>.debug_abbrev</name>
         <load_address>0x1632</load_address>
         <run_address>0x1632</run_address>
         <size>0xc2</size>
         <input_file_ref idref="fl-22"/>
      </object_component>
      <object_component id="oc-9f">
         <name>.debug_abbrev</name>
         <load_address>0x16f4</load_address>
         <run_address>0x16f4</run_address>
         <size>0x103</size>
         <input_file_ref idref="fl-23"/>
      </object_component>
      <object_component id="oc-a4">
         <name>.debug_abbrev</name>
         <load_address>0x17f7</load_address>
         <run_address>0x17f7</run_address>
         <size>0x140</size>
         <input_file_ref idref="fl-24"/>
      </object_component>
      <object_component id="oc-a8">
         <name>.debug_abbrev</name>
         <load_address>0x1937</load_address>
         <run_address>0x1937</run_address>
         <size>0x9a</size>
         <input_file_ref idref="fl-25"/>
      </object_component>
      <object_component id="oc-ac">
         <name>.debug_abbrev</name>
         <load_address>0x19d1</load_address>
         <run_address>0x19d1</run_address>
         <size>0xd0</size>
         <input_file_ref idref="fl-26"/>
      </object_component>
      <object_component id="oc-b0">
         <name>.debug_abbrev</name>
         <load_address>0x1aa1</load_address>
         <run_address>0x1aa1</run_address>
         <size>0xb7</size>
         <input_file_ref idref="fl-27"/>
      </object_component>
      <object_component id="oc-b4">
         <name>.debug_abbrev</name>
         <load_address>0x1b58</load_address>
         <run_address>0x1b58</run_address>
         <size>0x38</size>
         <input_file_ref idref="fl-28"/>
      </object_component>
      <object_component id="oc-ba">
         <name>.debug_abbrev</name>
         <load_address>0x1b90</load_address>
         <run_address>0x1b90</run_address>
         <size>0x225</size>
         <input_file_ref idref="fl-29"/>
      </object_component>
      <object_component id="oc-be">
         <name>.debug_abbrev</name>
         <load_address>0x1db5</load_address>
         <run_address>0x1db5</run_address>
         <size>0xec</size>
         <input_file_ref idref="fl-2a"/>
      </object_component>
      <object_component id="oc-c2">
         <name>.debug_abbrev</name>
         <load_address>0x1ea1</load_address>
         <run_address>0x1ea1</run_address>
         <size>0xb7</size>
         <input_file_ref idref="fl-2b"/>
      </object_component>
      <object_component id="oc-c6">
         <name>.debug_abbrev</name>
         <load_address>0x1f58</load_address>
         <run_address>0x1f58</run_address>
         <size>0x38</size>
         <input_file_ref idref="fl-2c"/>
      </object_component>
      <object_component id="oc-ca">
         <name>.debug_abbrev</name>
         <load_address>0x1f90</load_address>
         <run_address>0x1f90</run_address>
         <size>0xdc</size>
         <input_file_ref idref="fl-2d"/>
      </object_component>
      <object_component id="oc-ce">
         <name>.debug_abbrev</name>
         <load_address>0x206c</load_address>
         <run_address>0x206c</run_address>
         <size>0x81</size>
         <input_file_ref idref="fl-2e"/>
      </object_component>
      <object_component id="oc-d2">
         <name>.debug_abbrev</name>
         <load_address>0x20ed</load_address>
         <run_address>0x20ed</run_address>
         <size>0xa6</size>
         <input_file_ref idref="fl-2f"/>
      </object_component>
      <object_component id="oc-d6">
         <name>.debug_abbrev</name>
         <load_address>0x2193</load_address>
         <run_address>0x2193</run_address>
         <size>0xb5</size>
         <input_file_ref idref="fl-30"/>
      </object_component>
      <object_component id="oc-da">
         <name>.debug_abbrev</name>
         <load_address>0x2248</load_address>
         <run_address>0x2248</run_address>
         <size>0x8f</size>
         <input_file_ref idref="fl-31"/>
      </object_component>
      <object_component id="oc-df">
         <name>.debug_abbrev</name>
         <load_address>0x22d7</load_address>
         <run_address>0x22d7</run_address>
         <size>0x15a</size>
         <input_file_ref idref="fl-32"/>
      </object_component>
      <object_component id="oc-e5">
         <name>.debug_abbrev</name>
         <load_address>0x2431</load_address>
         <run_address>0x2431</run_address>
         <size>0xde</size>
         <input_file_ref idref="fl-33"/>
      </object_component>
      <object_component id="oc-e9">
         <name>.debug_abbrev</name>
         <load_address>0x250f</load_address>
         <run_address>0x250f</run_address>
         <size>0x38</size>
         <input_file_ref idref="fl-34"/>
      </object_component>
      <object_component id="oc-ed">
         <name>.debug_abbrev</name>
         <load_address>0x2547</load_address>
         <run_address>0x2547</run_address>
         <size>0xd1</size>
         <input_file_ref idref="fl-35"/>
      </object_component>
      <object_component id="oc-f1">
         <name>.debug_abbrev</name>
         <load_address>0x2618</load_address>
         <run_address>0x2618</run_address>
         <size>0xd4</size>
         <input_file_ref idref="fl-36"/>
      </object_component>
      <object_component id="oc-f5">
         <name>.debug_abbrev</name>
         <load_address>0x26ec</load_address>
         <run_address>0x26ec</run_address>
         <size>0xa6</size>
         <input_file_ref idref="fl-37"/>
      </object_component>
      <object_component id="oc-f9">
         <name>.debug_abbrev</name>
         <load_address>0x2792</load_address>
         <run_address>0x2792</run_address>
         <size>0x136</size>
         <input_file_ref idref="fl-38"/>
      </object_component>
      <object_component id="oc-fd">
         <name>.debug_abbrev</name>
         <load_address>0x28c8</load_address>
         <run_address>0x28c8</run_address>
         <size>0x81</size>
         <input_file_ref idref="fl-39"/>
      </object_component>
      <object_component id="oc-101">
         <name>.debug_abbrev</name>
         <load_address>0x2949</load_address>
         <run_address>0x2949</run_address>
         <size>0xd1</size>
         <input_file_ref idref="fl-3a"/>
      </object_component>
      <object_component id="oc-105">
         <name>.debug_abbrev</name>
         <load_address>0x2a1a</load_address>
         <run_address>0x2a1a</run_address>
         <size>0x10b</size>
         <input_file_ref idref="fl-3b"/>
[...]
         <object_component_ref idref="oc-3b"/>
      </symbol>
      <symbol id="sm-13b">
         <name>_pllObj</name>
         <value>0x6718</value>
         <object_component_ref idref="oc-42"/>
      </symbol>
      <symbol id="sm-13c">
         <name>_pConfigInfo</name>
         <value>0x6780</value>
         <object_component_ref idref="oc-42"/>
      </symbol>
      <symbol id="sm-13d">
         <name>_pllCfg_75MHz</name>
         <value>0x6760</value>
         <object_component_ref idref="oc-42"/>
      </symbol>
      <symbol id="sm-13e">
         <name>_hPll</name>
         <value>0x672c</value>
         <object_component_ref idref="oc-42"/>
      </symbol>
      <symbol id="sm-13f">
         <name>_pllCfg_98MHz</name>
         <value>0x6768</value>
         <object_component_ref idref="oc-42"/>
      </symbol>
      <symbol id="sm-140">
         <name>_pllCfg_100MHz</name>
         <value>0x6770</value>
         <object_component_ref idref="oc-42"/>
      </symbol>
      <symbol id="sm-141">
         <name>_pllCfg_40MHz</name>
         <value>0x6750</value>
         <object_component_ref idref="oc-42"/>
      </symbol>
      <symbol id="sm-142">
         <name>_pllCfg_2MHz</name>
         <value>0x6738</value>
         <object_component_ref idref="oc-42"/>
      </symbol>
      <symbol id="sm-143">
         <name>_pllCfg1</name>
         <value>0x6724</value>
         <object_component_ref idref="oc-42"/>
      </symbol>
      <symbol id="sm-144">
         <name>_pll_frequency_setup</name>
         <value>0x22e1a</value>
         <object_component_ref idref="oc-41"/>
      </symbol>
      <symbol id="sm-145">
         <name>_pllCfg_120MHz</name>
         <value>0x6778</value>
         <object_component_ref idref="oc-42"/>
      </symbol>
      <symbol id="sm-146">
         <name>_pllCfg_12MHz</name>
         <value>0x6740</value>
         <object_component_ref idref="oc-42"/>
      </symbol>
      <symbol id="sm-147">
         <name>_pllCfg_1MHz</name>
         <value>0x6730</value>
         <object_component_ref idref="oc-42"/>
      </symbol>
      <symbol id="sm-148">
         <name>_pllCfg_60MHz</name>
         <value>0x6758</value>
         <object_component_ref idref="oc-42"/>
      </symbol>
      <symbol id="sm-149">
         <name>_pllCfg_12p288MHz</name>
         <value>0x6748</value>
         <object_component_ref idref="oc-42"/>
      </symbol>
      <symbol id="sm-155">
         <name>_fir</name>
         <value>0x24a61</value>
         <object_component_ref idref="oc-49"/>
      </symbol>
      <symbol id="sm-17a">
         <name>_PLL_reset</name>
         <value>0x23320</value>
         <object_component_ref idref="oc-4d"/>
      </symbol>
      <symbol id="sm-17b">
         <name>_PLL_bypass</name>
         <value>0x232d1</value>
         <object_component_ref idref="oc-4d"/>
      </symbol>
      <symbol id="sm-17c">
         <name>_PLL_enable</name>
         <value>0x2326a</value>
         <object_component_ref idref="oc-4d"/>
      </symbol>
      <symbol id="sm-17d">
         <name>_PLL_config</name>
         <value>0x23141</value>
         <object_component_ref idref="oc-4d"/>
      </symbol>
      <symbol id="sm-17e">
         <name>_PLL_init</name>
         <value>0x23109</value>
         <object_component_ref idref="oc-4d"/>
      </symbol>
      <symbol id="sm-18a">
         <name>__sysstack</name>
         <value>0x20c0</value>
         <object_component_ref idref="oc-11b"/>
      </symbol>
      <symbol id="sm-18b">
         <name>_c_int00</name>
         <value>0x24f13</value>
         <object_component_ref idref="oc-10"/>
      </symbol>
      <symbol id="sm-18c">
         <name>__stack</name>
         <value>0xc0</value>
         <object_component_ref idref="oc-52"/>
      </symbol>
      <symbol id="sm-19c">
         <name>C$$EXIT</name>
         <value>0x25074</value>
         <object_component_ref idref="oc-5a"/>
      </symbol>
      <symbol id="sm-19d">
         <name>_exit</name>
         <value>0x24ed5</value>
         <object_component_ref idref="oc-56"/>
      </symbol>
      <symbol id="sm-19e">
         <name>_abort</name>
         <value>0x25073</value>
         <object_component_ref idref="oc-5a"/>
      </symbol>
      <symbol id="sm-19f">
         <name>__cleanup_ptr</name>
         <value>0x679c</value>
         <object_component_ref idref="oc-57"/>
      </symbol>
      <symbol id="sm-1a0">
         <name>__dtors_ptr</name>
         <value>0x67a0</value>
         <object_component_ref idref="oc-57"/>
      </symbol>
      <symbol id="sm-1aa">
         <name>_printf</name>
         <value>0x24d5e</value>
         <object_component_ref idref="oc-5d"/>
      </symbol>
      <symbol id="sm-1b4">
         <name>_Reset</name>
         <value>0x4fe00</value>
         <object_component_ref idref="oc-11"/>
      </symbol>
      <symbol id="sm-1c2">
         <name>__unlock</name>
         <value>0x6798</value>
         <object_component_ref idref="oc-66"/>
      </symbol>
      <symbol id="sm-1c3">
         <name>__lock</name>
         <value>0x6794</value>
         <object_component_ref idref="oc-66"/>
      </symbol>
      <symbol id="sm-1c4">
         <name>__register_lock</name>
         <value>0x2504f</value>
         <object_component_ref idref="oc-65"/>
      </symbol>
      <symbol id="sm-1c5">
         <name>__nop</name>
         <value>0x25057</value>
         <object_component_ref idref="oc-65"/>
      </symbol>
      <symbol id="sm-1c6">
         <name>__register_unlock</name>
         <value>0x25047</value>
         <object_component_ref idref="oc-65"/>
      </symbol>
      <symbol id="sm-1d8">
         <name>__printfi</name>
         <value>0x21315</value>
         <object_component_ref idref="oc-6b"/>
      </symbol>
      <symbol id="sm-1e2">
         <name>__args_main</name>
         <value>0x24e44</value>
         <object_component_ref idref="oc-71"/>
      </symbol>
      <symbol id="sm-1e3">
         <name>__TI_args_main</name>
         <value>0x1</value>
      </symbol>
      <symbol id="sm-1ed">
         <name>_atoi</name>
         <value>0x24c06</value>
         <object_component_ref idref="oc-75"/>
      </symbol>
      <symbol id="sm-1f5">
         <name>_auto_init</name>
         <value>0x24dac</value>
         <object_component_ref idref="oc-79"/>
      </symbol>
      <symbol id="sm-1ff">
         <name>__eqld</name>
         <value>0x23c09</value>
         <object_component_ref idref="oc-7d"/>
      </symbol>
      <symbol id="sm-200">
         <name>__cmpd</name>
         <value>0x23c3d</value>
         <object_component_ref idref="oc-7d"/>
      </symbol>
      <symbol id="sm-201">
         <name>__neqd</name>
         <value>0x23aab</value>
         <object_component_ref idref="oc-7d"/>
      </symbol>
      <symbol id="sm-202">
         <name>__gtrd</name>
         <value>0x23b74</value>
         <object_component_ref idref="oc-7d"/>
      </symbol>
      <symbol id="sm-203">
         <name>__geqd</name>
         <value>0x23bbf</value>
         <object_component_ref idref="oc-7d"/>
      </symbol>
      <symbol id="sm-204">
         <name>__leqd</name>
         <value>0x23b27</value>
         <object_component_ref idref="oc-7d"/>
      </symbol>
      <symbol id="sm-205">
         <name>__lssd</name>
         <value>0x23adf</value>
         <object_component_ref idref="oc-7d"/>
      </symbol>
      <symbol id="sm-20d">
         <name>__ctypes_</name>
         <value>0x6efc</value>
         <object_component_ref idref="oc-11d"/>
      </symbol>
      <symbol id="sm-217">
         <name>__tmpnams</name>
         <value>0x6350</value>
         <object_component_ref idref="oc-83"/>
      </symbol>
      <symbol id="sm-218">
         <name>__ft_end</name>
         <value>0x6490</value>
         <object_component_ref idref="oc-83"/>
      </symbol>
      <symbol id="sm-219">
         <name>__ftable</name>
         <value>0x6260</value>
         <object_component_ref idref="oc-83"/>
      </symbol>
      <symbol id="sm-225">
         <name>__divd</name>
         <value>0x229d8</value>
         <object_component_ref idref="oc-87"/>
      </symbol>
      <symbol id="sm-230">
         <name>__divul</name>
         <value>0x2470b</value>
         <object_component_ref idref="oc-8b"/>
      </symbol>
      <symbol id="sm-23a">
         <name>__fixdi</name>
         <value>0x24f74</value>
         <object_component_ref idref="oc-8f"/>
      </symbol>
      <symbol id="sm-244">
         <name>__fixdli</name>
         <value>0x249f3</value>
         <object_component_ref idref="oc-93"/>
      </symbol>
      <symbol id="sm-250">
         <name>__fltlid</name>
         <value>0x24b9f</value>
         <object_component_ref idref="oc-97"/>
      </symbol>
      <symbol id="sm-25a">
         <name>_putchar</name>
         <value>0x246fc</value>
         <object_component_ref idref="oc-9c"/>
      </symbol>
      <symbol id="sm-25b">
         <name>_putc</name>
         <value>0x24669</value>
         <object_component_ref idref="oc-9c"/>
      </symbol>
      <symbol id="sm-25c">
         <name>_fputc</name>
         <value>0x24669</value>
         <object_component_ref idref="oc-9c"/>
      </symbol>
      <symbol id="sm-268">
         <name>_puts</name>
         <value>0x23de4</value>
         <object_component_ref idref="oc-a0"/>
      </symbol>
      <symbol id="sm-269">
         <name>_fputs</name>
         <value>0x23c95</value>
         <object_component_ref idref="oc-a0"/>
      </symbol>
      <symbol id="sm-273">
         <name>__frcmpyd_div</name>
         <value>0x24910</value>
         <object_component_ref idref="oc-a5"/>
      </symbol>
      <symbol id="sm-27d">
         <name>___isinf</name>
         <value>0x25006</value>
         <object_component_ref idref="oc-a9"/>
      </symbol>
      <symbol id="sm-287">
         <name>__divull</name>
         <value>0x2372c</value>
         <object_component_ref idref="oc-ad"/>
      </symbol>
      <symbol id="sm-288">
         <name>__mpylli</name>
         <value>0x23675</value>
         <object_component_ref idref="oc-ad"/>
      </symbol>
      <symbol id="sm-289">
         <name>__remlli</name>
         <value>0x23646</value>
         <object_component_ref idref="oc-ad"/>
      </symbol>
      <symbol id="sm-28a">
         <name>__divlli</name>
         <value>0x23820</value>
         <object_component_ref idref="oc-ad"/>
      </symbol>
      <symbol id="sm-28b">
         <name>__remull</name>
         <value>0x235f8</value>
         <object_component_ref idref="oc-ad"/>
      </symbol>
      <symbol id="sm-293">
         <name>__mpyli</name>
         <value>0x25034</value>
         <object_component_ref idref="oc-b1"/>
      </symbol>
      <symbol id="sm-294">
         <name>I$$LMPY</name>
         <value>0x25034</value>
         <object_component_ref idref="oc-b1"/>
      </symbol>
      <symbol id="sm-2a5">
         <name>_add_device</name>
         <value>0x228f0</value>
         <object_component_ref idref="oc-b5"/>
      </symbol>
      <symbol id="sm-2a6">
         <name>_rename</name>
         <value>0x22621</value>
         <object_component_ref idref="oc-b5"/>
      </symbol>
      <symbol id="sm-2a7">
         <name>_read</name>
         <value>0x226ac</value>
         <object_component_ref idref="oc-b5"/>
      </symbol>
      <symbol id="sm-2a8">
         <name>_unlink</name>
         <value>0x225ed</value>
         <object_component_ref idref="oc-b5"/>
      </symbol>
      <symbol id="sm-2a9">
         <name>_remove_device</name>
         <value>0x22678</value>
         <object_component_ref idref="oc-b5"/>
      </symbol>
      <symbol id="sm-2aa">
         <name>_open</name>
         <value>0x22756</value>
         <object_component_ref idref="oc-b5"/>
      </symbol>
      <symbol id="sm-2ab">
         <name>_find_registered_device</name>
         <value>0x22877</value>
         <object_component_ref idref="oc-b5"/>
      </symbol>
      <symbol id="sm-2ac">
         <name>_lseek</name>
         <value>0x22813</value>
         <object_component_ref idref="oc-b5"/>
      </symbol>
      <symbol id="sm-2ad">
         <name>_close</name>
         <value>0x22880</value>
         <object_component_ref idref="oc-b5"/>
      </symbol>
      <symbol id="sm-2ae">
         <name>_write</name>
         <value>0x224c0</value>
         <object_component_ref idref="oc-b5"/>
      </symbol>
      <symbol id="sm-2b8">
         <name>_ltoa</name>
         <value>0x247ab</value>
         <object_component_ref idref="oc-bb"/>
      </symbol>
      <symbol id="sm-2c3">
         <name>_memccpy</name>
         <value>0x24fc8</value>
         <object_component_ref idref="oc-bf"/>
      </symbol>
      <symbol id="sm-2cd">
         <name>_memcpy</name>
         <value>0x24c5f</value>
         <object_component_ref idref="oc-c3"/>
      </symbol>
      <symbol id="sm-2d7">
         <name>__mpyd</name>
         <value>0x23f74</value>
         <object_component_ref idref="oc-c7"/>
      </symbol>
      <symbol id="sm-2e1">
         <name>__negd</name>
         <value>0x25059</value>
         <object_component_ref idref="oc-cb"/>
      </symbol>
      <symbol id="sm-2eb">
         <name>__remli</name>
         <value>0x24df9</value>
         <object_component_ref idref="oc-cf"/>
      </symbol>
      <symbol id="sm-2f6">
         <name>__remul</name>
         <value>0x24983</value>
         <object_component_ref idref="oc-d3"/>
      </symbol>
      <symbol id="sm-300">
         <name>__subd</name>
         <value>0x25020</value>
         <object_component_ref idref="oc-d7"/>
      </symbol>
      <symbol id="sm-30c">
         <name>_HOSTopen</name>
         <value>0x2184c</value>
         <object_component_ref idref="oc-db"/>
      </symbol>
      <symbol id="sm-30d">
         <name>_HOSTread</name>
         <value>0x217c1</value>
         <object_component_ref idref="oc-db"/>
      </symbol>
      <symbol id="sm-30e">
         <name>_HOSTtime</name>
         <value>0x216aa</value>
         <object_component_ref idref="oc-db"/>
      </symbol>
      <symbol id="sm-30f">
         <name>_getenv</name>
         <value>0x21533</value>
         <object_component_ref idref="oc-db"/>
      </symbol>
      <symbol id="sm-310">
         <name>_HOSTrename</name>
         <value>0x21708</value>
         <object_component_ref idref="oc-db"/>
      </symbol>
      <symbol id="sm-311">
         <name>_HOSTclock</name>
         <value>0x21a0d</value>
         <object_component_ref idref="oc-db"/>
      </symbol>
      <symbol id="sm-312">
         <name>_HOSTwrite</name>
         <value>0x215b3</value>
         <object_component_ref idref="oc-db"/>
      </symbol>
      <symbol id="sm-313">
         <name>_HOSTlseek</name>
         <value>0x218ed</value>
         <object_component_ref idref="oc-db"/>
      </symbol>
      <symbol id="sm-314">
         <name>_HOSTunlink</name>
         <value>0x2163e</value>
         <object_component_ref idref="oc-db"/>
      </symbol>
      <symbol id="sm-315">
         <name>_HOSTclose</name>
         <value>0x219a2</value>
         <object_component_ref idref="oc-db"/>
      </symbol>
      <symbol id="sm-327">
         <name>C$$IO$$</name>
         <value>0x245aa</value>
         <object_component_ref idref="oc-e3"/>
      </symbol>
      <symbol id="sm-328">
         <name>__CIOBUF_</name>
         <value>0x40000</value>
         <object_component_ref idref="oc-e2"/>
      </symbol>
      <symbol id="sm-329">
         <name>_readmsg</name>
         <value>0x24acc</value>
         <object_component_ref idref="oc-e0"/>
      </symbol>
      <symbol id="sm-32a">
         <name>_writemsg</name>
         <value>0x244f1</value>
         <object_component_ref idref="oc-e3"/>
      </symbol>
      <symbol id="sm-332">
         <name>__remu</name>
         <value>0x24fb3</value>
         <object_component_ref idref="oc-e6"/>
      </symbol>
      <symbol id="sm-333">
         <name>__divu</name>
         <value>0x24f9e</value>
         <object_component_ref idref="oc-e6"/>
      </symbol>
      <symbol id="sm-334">
         <name>I$$UMOD</name>
         <value>0x24fb3</value>
         <object_component_ref idref="oc-e6"/>
      </symbol>
      <symbol id="sm-335">
         <name>I$$UDIV</name>
         <value>0x24f9e</value>
         <object_component_ref idref="oc-e6"/>
      </symbol>
      <symbol id="sm-33f">
         <name>__rd_ok</name>
         <value>0x24494</value>
         <object_component_ref idref="oc-ea"/>
      </symbol>
      <symbol id="sm-340">
         <name>__wrt_ok</name>
         <value>0x24417</value>
         <object_component_ref idref="oc-ea"/>
      </symbol>
      <symbol id="sm-34a">
         <name>__addd</name>
         <value>0x23854</value>
         <object_component_ref idref="oc-ee"/>
      </symbol>
      <symbol id="sm-354">
         <name>__divli</name>
         <value>0x24e8d</value>
         <object_component_ref idref="oc-f2"/>
      </symbol>
      <symbol id="sm-35e">
         <name>__doflush</name>
         <value>0x245af</value>
         <object_component_ref idref="oc-f6"/>
      </symbol>
      <symbol id="sm-35f">
         <name>_fflush</name>
         <value>0x24611</value>
         <object_component_ref idref="oc-f6"/>
      </symbol>
      <symbol id="sm-369">
         <name>__frcmpyd</name>
         <value>0x2489a</value>
         <object_component_ref idref="oc-fa"/>
      </symbol>
      <symbol id="sm-373">
         <name>_fseek</name>
         <value>0x24b37</value>
         <object_component_ref idref="oc-fe"/>
      </symbol>
      <symbol id="sm-37d">
         <name>_setvbuf</name>
         <value>0x24324</value>
         <object_component_ref idref="oc-102"/>
      </symbol>
      <symbol id="sm-38c">
         <name>__cleanup</name>
         <value>0x234a1</value>
         <object_component_ref idref="oc-106"/>
      </symbol>
      <symbol id="sm-38d">
         <name>_fopen</name>
         <value>0x235bf</value>
         <object_component_ref idref="oc-106"/>
      </symbol>
      <symbol id="sm-38e">
         <name>_freopen</name>
         <value>0x234f9</value>
         <object_component_ref idref="oc-106"/>
      </symbol>
      <symbol id="sm-39e">
         <name>__sys_memory</name>
         <value>0x30c0</value>
         <object_component_ref idref="oc-110"/>
      </symbol>
      <symbol id="sm-39f">
         <name>_chkheap</name>
         <value>0x21f4a</value>
         <object_component_ref idref="oc-10c"/>
      </symbol>
      <symbol id="sm-3a0">
         <name>_realloc</name>
         <value>0x21cb0</value>
         <object_component_ref idref="oc-10c"/>
      </symbol>
      <symbol id="sm-3a1">
         <name>_free_memory</name>
         <value>0x21ee3</value>
         <object_component_ref idref="oc-10c"/>
      </symbol>
      <symbol id="sm-3a2">
         <name>_max_free</name>
         <value>0x21e79</value>
         <object_component_ref idref="oc-10c"/>
      </symbol>
      <symbol id="sm-3a3">
         <name>_free</name>
         <value>0x21a6b</value>
         <object_component_ref idref="oc-10c"/>
      </symbol>
      <symbol id="sm-3a4">
         <name>_calloc</name>
         <value>0x21f52</value>
         <object_component_ref idref="oc-10c"/>
      </symbol>
      <symbol id="sm-3a5">
         <name>_malloc</name>
         <value>0x21baf</value>
         <object_component_ref idref="oc-10c"/>
      </symbol>
      <symbol id="sm-3a6">
         <name>_minit</name>
         <value>0x21b3d</value>
         <object_component_ref idref="oc-10c"/>
      </symbol>
      <symbol id="sm-3b0">
         <name>_fclose</name>
         <value>0x24824</value>
         <object_component_ref idref="oc-113"/>
      </symbol>
      <symbol id="sm-3ba">
         <name>_remove</name>
         <value>0x25069</value>
         <object_component_ref idref="oc-117"/>
      </symbol>
   </symbol_table>
</link_info>
